xrun(64): 18.03-s001: (c) Copyright 1995-2018 Cadence Design Systems, Inc.
TOOL:	xrun(64)	18.03-s001: Started on Mar 28, 2026 at 08:46:03 +07
xrun
	-f run.f
		-uvmhome /home/eda/cadence/xcelium/XCELIUM1803/tools/methodology/UVM/CDNS-1.2/sv
		+UVM_VERBOSITY=UVM_FULL
		+UVM_TESTNAME=simple_test
		-timescale 1ns/100ps
		-incdir ../../yapp/sv
		-incdir ../../channel/sv
		-incdir ../../hbus/sv
		-incdir ../../clock_and_reset/sv
		../../yapp/sv/yapp_pkg.sv
		../../yapp/sv/yapp_if.sv
		../../channel/sv/channel_pkg.sv
		../../channel/sv/channel_if.sv
		../../hbus/sv/hbus_pkg.sv
		../../hbus/sv/hbus_if.sv
		../../clock_and_reset/sv/clock_and_reset_pkg.sv
		../../clock_and_reset/sv/clock_and_reset_if.sv
		clkgen.sv
		tb_top.sv
		hw_top.sv
		../../router_rtl/yapp_router.sv

   User defined plus("+") options:
	+UVM_VERBOSITY=UVM_FULL

Compiling UVM packages (uvm_pkg.sv cdns_uvm_pkg.sv) using uvmhome location /home/eda/cadence/xcelium/XCELIUM1803/tools/methodology/UVM/CDNS-1.2/sv
file: ../../yapp/sv/yapp_pkg.sv
	package worklib.yapp_pkg:sv
		errors: 0, warnings: 0
file: ../../yapp/sv/yapp_if.sv
	interface worklib.yapp_if:sv
		errors: 0, warnings: 0
file: ../../channel/sv/channel_pkg.sv
	package worklib.channel_pkg:sv
		errors: 0, warnings: 0
file: ../../channel/sv/channel_if.sv
	interface worklib.channel_if:sv
		errors: 0, warnings: 0
file: ../../hbus/sv/hbus_pkg.sv
	package worklib.hbus_pkg:sv
		errors: 0, warnings: 0
file: ../../hbus/sv/hbus_if.sv
	interface worklib.hbus_if:sv
		errors: 0, warnings: 0
file: ../../clock_and_reset/sv/clock_and_reset_pkg.sv
package clock_and_reset_pkg;
                          |
xmvlog: *W,TSNSPK (../../clock_and_reset/sv/clock_and_reset_pkg.sv,3|26): `timescale is not specified for the package.  The default timescale of 1ns/1ns will be assumed for this package.
	package worklib.clock_and_reset_pkg:sv
		errors: 0, warnings: 1
file: ../../clock_and_reset/sv/clock_and_reset_if.sv
	interface worklib.clock_and_reset_if:sv
		errors: 0, warnings: 0
file: clkgen.sv
	module worklib.clkgen:sv
		errors: 0, warnings: 0
file: tb_top.sv
	module worklib.tb_top:sv
		errors: 0, warnings: 0
file: hw_top.sv
	module worklib.hw_top:sv
		errors: 0, warnings: 0
file: ../../router_rtl/yapp_router.sv
	module worklib.host_ctl:sv
		errors: 0, warnings: 0
	module worklib.fifo:sv
		errors: 0, warnings: 0
	module worklib.port_fsm:sv
		errors: 0, warnings: 0
	module worklib.yapp_router:sv
		errors: 0, warnings: 0
		Caching library 'worklib' ....... Done
	Elaborating the design hierarchy:
	Top level design units:
		$unit_0x0d269cf8
		uvm_pkg
		cdns_uvmapi
		cdns_assert2uvm_pkg
		cdns_uvm_pkg
		clock_and_reset_pkg
		yapp_pkg
		channel_pkg
		hbus_pkg
		tb_top
		hw_top
xmelab: *W,DSEMEL: This SystemVerilog design will be simulated as per IEEE 1800-2009 SystemVerilog simulation semantics. Use -disable_sem2009 option for turning off SV 2009 simulation semantics.
	Building instance overlay tables: .................... Done
	Generating native compiled code:
		worklib.fifo:sv <0x765610c5>
			streams:  11, words:  5552
		worklib.port_fsm:sv <0x3e6eaf97>
			streams:  32, words: 20246
		worklib.host_ctl:sv <0x5e932ccb>
			streams:  20, words: 14591
		worklib.yapp_router:sv <0x28df345c>
			streams:  18, words:  4417
		worklib.clkgen:sv <0x4baab0c2>
			streams:   2, words:  1053
		worklib.uvm_pkg:sv <0x1c52e172>
			streams:   8, words:  8330
		worklib.uvm_pkg:sv <0x466761bd>
			streams:   8, words:  7955
		worklib.uvm_pkg:sv <0x7d22dc79>
			streams:   7, words:  7314
		worklib.uvm_pkg:sv <0x47db7e55>
			streams:  29, words: 29401
		worklib.uvm_pkg:sv <0x616cb0ac>
			streams:   7, words:  1844
		worklib.uvm_pkg:sv <0x7d2747ce>
			streams:  22, words: 59581
		worklib.uvm_pkg:sv <0x05e1db56>
			streams:   7, words:  1844
		worklib.uvm_pkg:sv <0x324b18d4>
			streams:   7, words:  3091
		worklib.uvm_pkg:sv <0x51151ff1>
			streams:  28, words: 32718
		worklib.uvm_pkg:sv <0x5e363f5c>
			streams:  27, words: 30959
		worklib.uvm_pkg:sv <0x6fcad4d0>
			streams:  23, words: 29941
		worklib.uvm_pkg:sv <0x55ea3f74>
			streams:  17, words: 14988
		worklib.uvm_pkg:sv <0x7cc5b02b>
			streams:  26, words: 40066
		worklib.uvm_pkg:sv <0x0c245c7b>
			streams:   7, words:  2348
		worklib.uvm_pkg:sv <0x1c93f588>
			streams:  16, words: 19996
		worklib.uvm_pkg:sv <0x413bfc10>
			streams:  26, words: 36637
		worklib.uvm_pkg:sv <0x7ded7d45>
			streams:  25, words: 64429
		worklib.uvm_pkg:sv <0x09164c56>
			streams:  27, words: 40383
		worklib.uvm_pkg:sv <0x329187e3>
			streams:  26, words: 56723
		worklib.uvm_pkg:sv <0x47fd82fa>
			streams:  27, words: 43777
		worklib.uvm_pkg:sv <0x20ba97d7>
			streams:  25, words: 64476
		worklib.uvm_pkg:sv <0x1fe8f617>
			streams:  27, words: 45989
		worklib.uvm_pkg:sv <0x3ca9112c>
			streams:  25, words: 70093
		worklib.uvm_pkg:sv <0x034f2e30>
			streams:  27, words: 51317
		worklib.uvm_pkg:sv <0x59585226>
			streams:  25, words: 62381
		worklib.uvm_pkg:sv <0x234001ff>
			streams:  25, words: 65325
		worklib.uvm_pkg:sv <0x6fa17064>
			streams:  27, words: 42577
		worklib.uvm_pkg:sv <0x6d2e6984>
			streams:  25, words: 61203
		worklib.uvm_pkg:sv <0x02794964>
			streams:  29, words: 107106
		worklib.uvm_pkg:sv <0x658b8e65>
			streams:  72, words: 150866
		worklib.cdns_uvm_pkg:sv <0x4b552185>
			streams:   9, words:  5027
		worklib.cdns_uvm_pkg:sv <0x4bbd08ea>
			streams:  10, words:  9230
		worklib.uvm_pkg:sv <0x79ede595>
			streams:  24, words: 65928
		worklib.uvm_pkg:sv <0x37ae47bf>
			streams:  25, words: 37460
		worklib.uvm_pkg:sv <0x729fb6be>
			streams:  25, words: 34160
		worklib.uvm_pkg:sv <0x1e21a520>
			streams:  25, words: 58240
		worklib.uvm_pkg:sv <0x11e92b58>
			streams:  25, words: 34076
		worklib.uvm_pkg:sv <0x08e7bbbc>
			streams:  25, words: 34124
		worklib.uvm_pkg:sv <0x19c55be2>
			streams:  25, words: 33783
		worklib.uvm_pkg:sv <0x497cd942>
			streams:  25, words: 34040
		worklib.uvm_pkg:sv <0x1fc9efcd>
			streams:  25, words: 34445
		worklib.uvm_pkg:sv <0x7b2401bc>
			streams:  26, words: 42285
		worklib.uvm_pkg:sv <0x32f3f3f0>
			streams:  25, words: 35932
		worklib.uvm_pkg:sv <0x6f94b29c>
			streams:  25, words: 36013
		worklib.uvm_pkg:sv <0x03cb1e51>
			streams:  25, words: 43700
		worklib.uvm_pkg:sv <0x311fbb1a>
			streams:  25, words: 46020
		worklib.uvm_pkg:sv <0x7f6237a6>
			streams:  25, words: 34077
		worklib.uvm_pkg:sv <0x023e4389>
			streams:  25, words: 35860
		worklib.uvm_pkg:sv <0x487e6146>
			streams:  25, words: 35860
		worklib.uvm_pkg:sv <0x0e6bdefb>
			streams:  25, words: 34133
		worklib.uvm_pkg:sv <0x6673d6af>
			streams:  26, words: 32188
		worklib.uvm_pkg:sv <0x222e8d06>
			streams:  23, words: 27347
		worklib.uvm_pkg:sv <0x59749ccc>
			streams:  25, words: 46272
		worklib.uvm_pkg:sv <0x0d03f02c>
			streams:  23, words: 28233
		worklib.tb_top:sv <0x7a1ccc8a>
			streams:  27, words: 30233
		worklib.uvm_pkg:sv <0x65ecb846>
			streams:   7, words:  3091
		worklib.uvm_pkg:sv <0x62a735c0>
			streams:  23, words: 31522
		worklib.uvm_pkg:sv <0x13068ad5>
			streams:  23, words: 23331
		worklib.uvm_pkg:sv <0x6e7f0591>
			streams:  24, words: 25080
		worklib.uvm_pkg:sv <0x6a556d88>
			streams:  53, words: 80902
		worklib.uvm_pkg:sv <0x069a6c1a>
			streams:  24, words: 25706
		worklib.uvm_pkg:sv <0x2549ba74>
			streams:  27, words: 48304
		worklib.uvm_pkg:sv <0x518c1bc5>
			streams:  57, words: 83876
		worklib.uvm_pkg:sv <0x51604967>
			streams:  24, words: 57955
		worklib.uvm_pkg:sv <0x4538224e>
			streams:  25, words: 44788
		worklib.uvm_pkg:sv <0x71869f0d>
			streams: 110, words: 216355
		worklib.uvm_pkg:sv <0x0e8bcdf8>
			streams:  35, words: 130162
		worklib.uvm_pkg:sv <0x75912b08>
			streams:  55, words: 74038
		worklib.uvm_pkg:sv <0x2623647f>
			streams:  25, words: 72793
		worklib.uvm_pkg:sv <0x42673d95>
			streams:  26, words: 65602
		worklib.uvm_pkg:sv <0x046ce9e5>
			streams:  25, words: 55193
		worklib.uvm_pkg:sv <0x351223f5>
			streams:  18, words: 18857
		worklib.uvm_pkg:sv <0x0ccf0fd0>
			streams:  31, words: 69332
		worklib.uvm_pkg:sv <0x55b0c5e6>
			streams:  55, words: 86297
		worklib.uvm_pkg:sv <0x14386a79>
			streams:  22, words: 21747
		worklib.uvm_pkg:sv <0x7ace2c45>
			streams:  24, words: 26292
		worklib.uvm_pkg:sv <0x4d1d5582>
			streams:  25, words: 32663
		worklib.uvm_pkg:sv <0x36d120d0>
			streams:  35, words: 43488
		worklib.uvm_pkg:sv <0x5c28c75a>
			streams: 314, words: 437628
		worklib.uvm_pkg:sv <0x71fbd5e3>
			streams:  24, words: 75745
		worklib.uvm_pkg:sv <0x4c333e62>
			streams:  25, words: 34261
		worklib.uvm_pkg:sv <0x06728a11>
			streams:  25, words: 43609
		worklib.uvm_pkg:sv <0x7f871ff6>
			streams:  36, words: 46830
		worklib.uvm_pkg:sv <0x3d111257>
			streams: 237, words: 307595
		worklib.uvm_pkg:sv <0x098fc408>
			streams: 114, words: 204453
		worklib.uvm_pkg:sv <0x65bcb503>
			streams:  33, words: 75783
		worklib.uvm_pkg:sv <0x4bbcf5fb>
			streams:  25, words: 35040
		worklib.uvm_pkg:sv <0x0d60e298>
			streams:  36, words: 46830
		worklib.uvm_pkg:sv <0x0f56ecf3>
			streams: 238, words: 310200
		worklib.uvm_pkg:sv <0x19d90b9d>
			streams: 105, words: 188443
		worklib.uvm_pkg:sv <0x6ec93128>
			streams:   7, words:  3091
		worklib.yapp_pkg:sv <0x08f4885c>
			streams:  36, words: 130658
		worklib.uvm_pkg:sv <0x372c70de>
			streams:  36, words: 55662
		worklib.uvm_pkg:sv <0x3134f70c>
			streams: 315, words: 441473
		worklib.uvm_pkg:sv <0x56638603>
			streams:  24, words: 36245
		worklib.tb_top:sv <0x1a1a4a79>
			streams:   1, words:  4876
		worklib.clock_and_reset_pkg:sv <0x69090f0b>
			streams:  68, words: 124019
		worklib.channel_pkg:sv <0x7bb2f4a2>
			streams:  68, words: 124019
		worklib.clock_and_reset_if:sv <0x09a75a3e>
			streams:   9, words:  3161
		worklib.hw_top:sv <0x32e5ab51>
			streams:  23, words:  5694
		worklib.hbus_if:sv <0x1f397dd4>
			streams:  87, words: 159101
		worklib.channel_if:sv <0x4621f16e>
			streams:   5, words: 10869
		worklib.channel_if:sv <0x4e6ae367>
			streams:   5, words: 10869
		worklib.yapp_if:sv <0x02302325>
			streams:  83, words: 144138
		worklib.cdns_uvm_pkg:sv <0x6dd9f913>
			streams: 232, words: 438757
		worklib.cdns_uvmapi:svp <0x74c76930>
			streams:  27, words: 35853
		worklib.cdns_assert2uvm_pkg:sv <0x5bdd303a>
			streams:   3, words:  2443
		worklib.uvm_pkg:sv <0x59ac581d>
			streams: 5569, words: 10594434
	Building instance specific data structures.
	Loading native compiled code:     .................... Done
	Design hierarchy summary:
		                       Instances  Unique
		Modules:                       9       7
		Interfaces:                    6       4
		Verilog packages:              8       8
		Resolved nets:                 0       1
		Registers:                 21170   12971
		Scalar wires:                 63       -
		Vectored wires:               34       -
		Named events:                  5      13
		Always blocks:                20      16
		Initial blocks:              505     223
		Parallel blocks:              40      41
		Cont. assignments:            19      42
		Pseudo assignments:           26      26
		Assertions:                    5       5
		Covergroup Instances:          0       2
		Compilation units:             1       1
		SV Class declarations:       283     399
		SV Class specializations:    624     624
		Simulation timescale:      100ps
	Writing initial simulation snapshot: worklib.tb_top:sv
Loading snapshot worklib.tb_top:sv .................... Done
SVSEED default: 1
xmsim: *W,RNDNOXCEL: The legacy SystemVerilog constraint solver is used. Enabling the Xceligen constraint solver with "xrun/xmsim -xceligen on ..." is recommended.
xmsim: *W,DSEM2009: This SystemVerilog design is simulated as per IEEE 1800-2009 SystemVerilog simulation semantics. Use -disable_sem2009 option for turning off SV 2009 simulation semantics.
xcelium> source /home/eda/cadence/xcelium/XCELIUM1803/tools/xcelium/files/xmsimrc
xcelium> source /home/eda/cadence/xcelium/XCELIUM1803/tools/methodology/UVM/CDNS-1.2/sv/files/tcl/uvm_sim.tcl
xcelium> run
UVM_INFO /home/eda/cadence/xcelium/XCELIUM1803/tools/methodology/UVM/CDNS-1.2/sv/src/base/uvm_root.svh(412) @ 0: reporter [UVM/RELNOTES] 
----------------------------------------------------------------
CDNS-UVM-1.2 (18.03-s001)
(C) 2007-2014 Mentor Graphics Corporation
(C) 2007-2014 Cadence Design Systems, Inc.
(C) 2006-2014 Synopsys, Inc.
(C) 2011-2013 Cypress Semiconductor Corp.
(C) 2013-2014 NVIDIA Corporation
----------------------------------------------------------------

  ***********       IMPORTANT RELEASE NOTES         ************

  You are using a version of the UVM library that has been compiled
  with `UVM_NO_DEPRECATED undefined.
  See http://www.eda.org/svdb/view.php?id=3313 for more details.

  You are using a version of the UVM library that has been compiled
  with `UVM_OBJECT_DO_NOT_NEED_CONSTRUCTOR undefined.
  See http://www.eda.org/svdb/view.php?id=3770 for more details.

      (Specify +UVM_NO_RELNOTES to turn off this notice)

UVM_INFO @ 0: reporter [RNTST] Running test simple_test...
UVM_INFO ../../channel/sv/channel_rx_monitor.sv(59) @ 0: uvm_test_top.tb.chan0.rx_agent.monitor [NOCOV] Coverage not enabled for: uvm_test_top.tb.chan0.rx_agent.monitor
UVM_INFO ../../channel/sv/channel_rx_monitor.sv(59) @ 0: uvm_test_top.tb.chan1.rx_agent.monitor [NOCOV] Coverage not enabled for: uvm_test_top.tb.chan1.rx_agent.monitor
UVM_INFO ../../channel/sv/channel_rx_monitor.sv(59) @ 0: uvm_test_top.tb.chan2.rx_agent.monitor [NOCOV] Coverage not enabled for: uvm_test_top.tb.chan2.rx_agent.monitor
UVM_WARNING /home/eda/cadence/xcelium/XCELIUM1803/tools/methodology/UVM/CDNS-1.2/sv/src/base/uvm_component.svh(3132) @ 0: uvm_test_top.tb.hbus.monitor [UVM/CFG/GET/DPR] get/set_config_* API has been deprecated. Use uvm_config_db instead.
UVM_INFO /home/eda/cadence/xcelium/XCELIUM1803/tools/methodology/UVM/CDNS-1.2/sv/src/base/uvm_root.svh(605) @ 0: reporter [UVMTOP] UVM testbench topology:
--------------------------------------------------------------------------
Name                           Type                       Size  Value     
--------------------------------------------------------------------------
uvm_test_top                   simple_test                -     @2144     
  tb                           router_tb                  -     @2249     
    chan0                      channel_env                -     @2362     
      rx_agent                 channel_rx_agent           -     @2521     
        driver                 channel_rx_driver          -     @3314     
          rsp_port             uvm_analysis_port          -     @3413     
            recording_detail   integral                   32    'd1       
          seq_item_port        uvm_seq_item_pull_port     -     @3363     
            recording_detail   integral                   32    'd1       
          channel_id           integral                   32    'h0       
          recording_detail     integral                   32    'd1       
        monitor                channel_rx_monitor         -     @2564     
          item_collected_port  uvm_analysis_port          -     @2625     
            recording_detail   integral                   32    'd1       
          channel_id           integral                   32    'h0       
          checks_enable        integral                   1     'h1       
          coverage_enable      integral                   1     'h1       
          recording_detail     integral                   32    'd1       
        sequencer              channel_rx_sequencer       -     @2659     
          rsp_export           uvm_analysis_export        -     @2718     
            recording_detail   integral                   32    'd1       
          seq_item_export      uvm_seq_item_pull_imp      -     @3280     
            recording_detail   integral                   32    'd1       
          recording_detail     integral                   32    'd1       
          arbitration_queue    array                      0     -         
          lock_queue           array                      0     -         
          num_last_reqs        integral                   32    'd1       
          num_last_rsps        integral                   32    'd1       
        is_active              uvm_active_passive_enum    1     UVM_ACTIVE
        recording_detail       integral                   32    'd1       
      channel_id               integral                   32    'h0       
      checks_enable            integral                   1     'h1       
      coverage_enable          integral                   1     'h1       
      recording_detail         integral                   32    'd1       
    chan1                      channel_env                -     @2399     
      rx_agent                 channel_rx_agent           -     @3479     
        driver                 channel_rx_driver          -     @4239     
          rsp_port             uvm_analysis_port          -     @4334     
            recording_detail   integral                   32    'd1       
          seq_item_port        uvm_seq_item_pull_port     -     @4285     
            recording_detail   integral                   32    'd1       
          channel_id           integral                   32    'h1       
          recording_detail     integral                   32    'd1       
        monitor                channel_rx_monitor         -     @3514     
          item_collected_port  uvm_analysis_port          -     @3566     
            recording_detail   integral                   32    'd1       
          channel_id           integral                   32    'h1       
          checks_enable        integral                   1     'h1       
          coverage_enable      integral                   1     'h1       
          recording_detail     integral                   32    'd1       
        sequencer              channel_rx_sequencer       -     @3599     
          rsp_export           uvm_analysis_export        -     @3654     
            recording_detail   integral                   32    'd1       
          seq_item_export      uvm_seq_item_pull_imp      -     @4206     
            recording_detail   integral                   32    'd1       
          recording_detail     integral                   32    'd1       
          arbitration_queue    array                      0     -         
          lock_queue           array                      0     -         
          num_last_reqs        integral                   32    'd1       
          num_last_rsps        integral                   32    'd1       
        is_active              uvm_active_passive_enum    1     UVM_ACTIVE
        recording_detail       integral                   32    'd1       
      channel_id               integral                   32    'h1       
      checks_enable            integral                   1     'h1       
      coverage_enable          integral                   1     'h1       
      recording_detail         integral                   32    'd1       
    chan2                      channel_env                -     @2430     
      rx_agent                 channel_rx_agent           -     @4386     
        driver                 channel_rx_driver          -     @5146     
          rsp_port             uvm_analysis_port          -     @5241     
            recording_detail   integral                   32    'd1       
          seq_item_port        uvm_seq_item_pull_port     -     @5192     
            recording_detail   integral                   32    'd1       
          channel_id           integral                   32    'h2       
          recording_detail     integral                   32    'd1       
        monitor                channel_rx_monitor         -     @4421     
          item_collected_port  uvm_analysis_port          -     @4473     
            recording_detail   integral                   32    'd1       
          channel_id           integral                   32    'h2       
          checks_enable        integral                   1     'h1       
          coverage_enable      integral                   1     'h1       
          recording_detail     integral                   32    'd1       
        sequencer              channel_rx_sequencer       -     @4506     
          rsp_export           uvm_analysis_export        -     @4561     
            recording_detail   integral                   32    'd1       
          seq_item_export      uvm_seq_item_pull_imp      -     @5113     
            recording_detail   integral                   32    'd1       
          recording_detail     integral                   32    'd1       
          arbitration_queue    array                      0     -         
          lock_queue           array                      0     -         
          num_last_reqs        integral                   32    'd1       
          num_last_rsps        integral                   32    'd1       
        is_active              uvm_active_passive_enum    1     UVM_ACTIVE
        recording_detail       integral                   32    'd1       
      channel_id               integral                   32    'h2       
      checks_enable            integral                   1     'h1       
      coverage_enable          integral                   1     'h1       
      recording_detail         integral                   32    'd1       
    clock_and_reset            clock_and_reset_env        -     @2282     
      agent                    clock_and_reset_agent      -     @5294     
        driver                 clock_and_reset_driver     -     @5324     
          rsp_port             uvm_analysis_port          -     @5429     
            recording_detail   integral                   32    'd1       
          seq_item_port        uvm_seq_item_pull_port     -     @5377     
            recording_detail   integral                   32    'd1       
          recording_detail     integral                   32    'd1       
        sequencer              clock_and_reset_sequencer  -     @5463     
          rsp_export           uvm_analysis_export        -     @5521     
            recording_detail   integral                   32    'd1       
          seq_item_export      uvm_seq_item_pull_imp      -     @6081     
            recording_detail   integral                   32    'd1       
          recording_detail     integral                   32    'd1       
          arbitration_queue    array                      0     -         
          lock_queue           array                      0     -         
          num_last_reqs        integral                   32    'd1       
          num_last_rsps        integral                   32    'd1       
        recording_detail       integral                   32    'd1       
      recording_detail         integral                   32    'd1       
    hbus                       hbus_env                   -     @2479     
      masters[0]               hbus_master_agent          -     @6234     
        driver                 hbus_master_driver         -     @6926     
          rsp_port             uvm_analysis_port          -     @7025     
            recording_detail   integral                   32    'd1       
          seq_item_port        uvm_seq_item_pull_port     -     @6975     
            recording_detail   integral                   32    'd1       
          random_delay         integral                   1     'h0       
          master_id            integral                   32    'h0       
          recording_detail     integral                   32    'd1       
        sequencer              hbus_master_sequencer      -     @6232     
          rsp_export           uvm_analysis_export        -     @6332     
            recording_detail   integral                   32    'd1       
          seq_item_export      uvm_seq_item_pull_imp      -     @6892     
            recording_detail   integral                   32    'd1       
          recording_detail     integral                   32    'd1       
          arbitration_queue    array                      0     -         
          lock_queue           array                      0     -         
          num_last_reqs        integral                   32    'd1       
          num_last_rsps        integral                   32    'd1       
        monitor                hbus_monitor               -     @6147     
        is_active              uvm_active_passive_enum    1     UVM_ACTIVE
        master_id              integral                   32    'h0       
        recording_detail       integral                   32    'd1       
      monitor                  hbus_monitor               -     @6147     
        item_collected_port    uvm_analysis_port          -     @6197     
          recording_detail     integral                   32    'd1       
        checks_enable          integral                   1     'h1       
        coverage_enable        integral                   1     'h1       
        recording_detail       integral                   32    'd1       
      num_masters              integral                   32    'h1       
      num_slaves               integral                   32    'h0       
      checks_enable            integral                   1     'h1       
      coverage_enable          integral                   1     'h1       
      recording_detail         integral                   32    'd1       
    yapp                       yapp_env                   -     @2314     
      tx_agent                 yapp_tx_agent              -     @7057     
        driver                 yapp_tx_driver             -     @7848     
          rsp_port             uvm_analysis_port          -     @7947     
            recording_detail   integral                   32    'd1       
          seq_item_port        uvm_seq_item_pull_port     -     @7897     
            recording_detail   integral                   32    'd1       
          num_sent             integral                   32    'h0       
          recording_detail     integral                   32    'd1       
        monitor                yapp_tx_monitor            -     @7111     
          item_collected_port  uvm_analysis_port          -     @7162     
            recording_detail   integral                   32    'd1       
          num_pkt_col          integral                   32    'h0       
          recording_detail     integral                   32    'd1       
        sequencer              yapp_tx_sequencer          -     @7196     
          rsp_export           uvm_analysis_export        -     @7254     
            recording_detail   integral                   32    'd1       
          seq_item_export      uvm_seq_item_pull_imp      -     @7814     
            recording_detail   integral                   32    'd1       
          recording_detail     integral                   32    'd1       
          arbitration_queue    array                      0     -         
          lock_queue           array                      0     -         
          num_last_reqs        integral                   32    'd1       
          num_last_rsps        integral                   32    'd1       
        is_active              uvm_active_passive_enum    1     UVM_ACTIVE
        recording_detail       integral                   32    'd1       
      recording_detail         integral                   32    'd1       
    recording_detail           integral                   32    'd1       
--------------------------------------------------------------------------

UVM_INFO ../../yapp/sv/yapp_tx_driver.sv(33) @ 0: uvm_test_top.tb.yapp.tx_agent.driver [yapp_tx_driver] start of simulation for uvm_test_top.tb.yapp.tx_agent.driver
UVM_INFO ../../yapp/sv/yapp_tx_sequencer.sv(20) @ 0: uvm_test_top.tb.yapp.tx_agent.sequencer [yapp_tx_sequencer] start of simulation for uvm_test_top.tb.yapp.tx_agent.sequencer
UVM_INFO ../../yapp/sv/yapp_tx_agent.sv(46) @ 0: uvm_test_top.tb.yapp.tx_agent [yapp_tx_agent] start of simulation for uvm_test_top.tb.yapp.tx_agent
UVM_INFO ../../yapp/sv/yapp_env.sv(29) @ 0: uvm_test_top.tb.yapp [yapp_env] start of simulation for uvm_test_top.tb.yapp
UVM_INFO router_test_lib.sv(28) @ 0: uvm_test_top [simple_test] start of simulation for uvm_test_top
UVM_INFO /home/eda/cadence/xcelium/XCELIUM1803/tools/methodology/UVM/CDNS-1.2/sv/src/seq/uvm_sequencer_base.svh(1492) @ 0: uvm_test_top.tb.chan0.rx_agent.sequencer [PHASESEQ] Starting default sequence 'channel_rx_resp_seq' for phase 'run'
UVM_INFO /home/eda/cadence/xcelium/XCELIUM1803/tools/methodology/UVM/CDNS-1.2/sv/src/seq/uvm_sequencer_base.svh(1492) @ 0: uvm_test_top.tb.chan1.rx_agent.sequencer [PHASESEQ] Starting default sequence 'channel_rx_resp_seq' for phase 'run'
UVM_INFO /home/eda/cadence/xcelium/XCELIUM1803/tools/methodology/UVM/CDNS-1.2/sv/src/seq/uvm_sequencer_base.svh(1492) @ 0: uvm_test_top.tb.chan2.rx_agent.sequencer [PHASESEQ] Starting default sequence 'channel_rx_resp_seq' for phase 'run'
UVM_INFO /home/eda/cadence/xcelium/XCELIUM1803/tools/methodology/UVM/CDNS-1.2/sv/src/seq/uvm_sequencer_base.svh(1492) @ 0: uvm_test_top.tb.clock_and_reset.agent.sequencer [PHASESEQ] Starting default sequence 'clk10_rst5_seq' for phase 'run'
UVM_INFO /home/eda/cadence/xcelium/XCELIUM1803/tools/methodology/UVM/CDNS-1.2/sv/src/seq/uvm_sequencer_base.svh(1487) @ 0: uvm_test_top.tb.hbus.masters[0].sequencer [PHASESEQ] No default phase sequence for phase 'run'
UVM_INFO /home/eda/cadence/xcelium/XCELIUM1803/tools/methodology/UVM/CDNS-1.2/sv/src/seq/uvm_sequencer_base.svh(1492) @ 0: uvm_test_top.tb.yapp.tx_agent.sequencer [PHASESEQ] Starting default sequence 'yapp_012_seq' for phase 'run'
SDI/Verilog Transaction Recording Facility Version 18.03-s001
UVM_INFO ../../channel/sv/channel_rx_monitor.sv(100) @ 0: uvm_test_top.tb.chan2.rx_agent.monitor [channel_rx_monitor] Inside the run() phase
UVM_INFO ../../channel/sv/channel_rx_monitor.sv(100) @ 0: uvm_test_top.tb.chan1.rx_agent.monitor [channel_rx_monitor] Inside the run() phase
UVM_INFO ../../channel/sv/channel_rx_monitor.sv(100) @ 0: uvm_test_top.tb.chan0.rx_agent.monitor [channel_rx_monitor] Inside the run() phase
UVM_INFO ../../yapp/sv/yapp_tx_seqs.sv(28) @ 0: uvm_test_top.tb.yapp.tx_agent.sequencer@@yapp_012_seq [yapp_012_seq] raise objection
UVM_INFO ../../yapp/sv/yapp_tx_seqs.sv(96) @ 0: uvm_test_top.tb.yapp.tx_agent.sequencer@@yapp_012_seq [yapp_012_seq] Executing YAPP_012_SEQ
UVM_INFO ../../clock_and_reset/sv/clock_and_reset_seq.sv(48) @ 0: uvm_test_top.tb.clock_and_reset.agent.sequencer@@clk10_rst5_seq [clk10_rst5_seq] Starting test_sequence sequence body
UVM_INFO ../../channel/sv/channel_rx_seqs.sv(24) @ 0: uvm_test_top.tb.chan2.rx_agent.sequencer@@channel_rx_resp_seq [channel_rx_resp_seq] Executing channel_rx_resp_seq (forever)
UVM_INFO ../../channel/sv/channel_rx_seqs.sv(24) @ 0: uvm_test_top.tb.chan1.rx_agent.sequencer@@channel_rx_resp_seq [channel_rx_resp_seq] Executing channel_rx_resp_seq (forever)
UVM_INFO ../../channel/sv/channel_rx_seqs.sv(24) @ 0: uvm_test_top.tb.chan0.rx_agent.sequencer@@channel_rx_resp_seq [channel_rx_resp_seq] Executing channel_rx_resp_seq (forever)
UVM_INFO ../../clock_and_reset/sv/clock_and_reset_seq.sv(20) @ 0: uvm_test_top.tb.clock_and_reset.agent.sequencer@@clk10_rst5_seq.cr [clock_and_reset_sequence] starting body clock_and_reset_wait_seq
UVM_INFO /home/eda/cadence/xcelium/XCELIUM1803/tools/methodology/UVM/CDNS-1.2/sv/src/seq/uvm_sequencer_base.svh(1487) @ 0: uvm_test_top.tb.chan0.rx_agent.sequencer [PHASESEQ] No default phase sequence for phase 'pre_reset'
UVM_INFO /home/eda/cadence/xcelium/XCELIUM1803/tools/methodology/UVM/CDNS-1.2/sv/src/seq/uvm_sequencer_base.svh(1487) @ 0: uvm_test_top.tb.chan1.rx_agent.sequencer [PHASESEQ] No default phase sequence for phase 'pre_reset'
UVM_INFO /home/eda/cadence/xcelium/XCELIUM1803/tools/methodology/UVM/CDNS-1.2/sv/src/seq/uvm_sequencer_base.svh(1487) @ 0: uvm_test_top.tb.chan2.rx_agent.sequencer [PHASESEQ] No default phase sequence for phase 'pre_reset'
UVM_INFO /home/eda/cadence/xcelium/XCELIUM1803/tools/methodology/UVM/CDNS-1.2/sv/src/seq/uvm_sequencer_base.svh(1487) @ 0: uvm_test_top.tb.clock_and_reset.agent.sequencer [PHASESEQ] No default phase sequence for phase 'pre_reset'
UVM_INFO /home/eda/cadence/xcelium/XCELIUM1803/tools/methodology/UVM/CDNS-1.2/sv/src/seq/uvm_sequencer_base.svh(1487) @ 0: uvm_test_top.tb.hbus.masters[0].sequencer [PHASESEQ] No default phase sequence for phase 'pre_reset'
UVM_INFO /home/eda/cadence/xcelium/XCELIUM1803/tools/methodology/UVM/CDNS-1.2/sv/src/seq/uvm_sequencer_base.svh(1487) @ 0: uvm_test_top.tb.yapp.tx_agent.sequencer [PHASESEQ] No default phase sequence for phase 'pre_reset'
UVM_INFO /home/eda/cadence/xcelium/XCELIUM1803/tools/methodology/UVM/CDNS-1.2/sv/src/seq/uvm_sequencer_base.svh(1533) @ 0: uvm_test_top.tb.chan0.rx_agent.sequencer [PHASESEQ] No default sequence to kill for phase 'pre_reset'
UVM_INFO /home/eda/cadence/xcelium/XCELIUM1803/tools/methodology/UVM/CDNS-1.2/sv/src/seq/uvm_sequencer_base.svh(1533) @ 0: uvm_test_top.tb.chan1.rx_agent.sequencer [PHASESEQ] No default sequence to kill for phase 'pre_reset'
UVM_INFO /home/eda/cadence/xcelium/XCELIUM1803/tools/methodology/UVM/CDNS-1.2/sv/src/seq/uvm_sequencer_base.svh(1533) @ 0: uvm_test_top.tb.chan2.rx_agent.sequencer [PHASESEQ] No default sequence to kill for phase 'pre_reset'
UVM_INFO /home/eda/cadence/xcelium/XCELIUM1803/tools/methodology/UVM/CDNS-1.2/sv/src/seq/uvm_sequencer_base.svh(1533) @ 0: uvm_test_top.tb.clock_and_reset.agent.sequencer [PHASESEQ] No default sequence to kill for phase 'pre_reset'
UVM_INFO /home/eda/cadence/xcelium/XCELIUM1803/tools/methodology/UVM/CDNS-1.2/sv/src/seq/uvm_sequencer_base.svh(1533) @ 0: uvm_test_top.tb.hbus.masters[0].sequencer [PHASESEQ] No default sequence to kill for phase 'pre_reset'
UVM_INFO /home/eda/cadence/xcelium/XCELIUM1803/tools/methodology/UVM/CDNS-1.2/sv/src/seq/uvm_sequencer_base.svh(1533) @ 0: uvm_test_top.tb.yapp.tx_agent.sequencer [PHASESEQ] No default sequence to kill for phase 'pre_reset'
UVM_INFO /home/eda/cadence/xcelium/XCELIUM1803/tools/methodology/UVM/CDNS-1.2/sv/src/seq/uvm_sequencer_base.svh(1487) @ 0: uvm_test_top.tb.chan0.rx_agent.sequencer [PHASESEQ] No default phase sequence for phase 'reset'
UVM_INFO /home/eda/cadence/xcelium/XCELIUM1803/tools/methodology/UVM/CDNS-1.2/sv/src/seq/uvm_sequencer_base.svh(1487) @ 0: uvm_test_top.tb.chan1.rx_agent.sequencer [PHASESEQ] No default phase sequence for phase 'reset'
UVM_INFO /home/eda/cadence/xcelium/XCELIUM1803/tools/methodology/UVM/CDNS-1.2/sv/src/seq/uvm_sequencer_base.svh(1487) @ 0: uvm_test_top.tb.chan2.rx_agent.sequencer [PHASESEQ] No default phase sequence for phase 'reset'
UVM_INFO /home/eda/cadence/xcelium/XCELIUM1803/tools/methodology/UVM/CDNS-1.2/sv/src/seq/uvm_sequencer_base.svh(1487) @ 0: uvm_test_top.tb.clock_and_reset.agent.sequencer [PHASESEQ] No default phase sequence for phase 'reset'
UVM_INFO /home/eda/cadence/xcelium/XCELIUM1803/tools/methodology/UVM/CDNS-1.2/sv/src/seq/uvm_sequencer_base.svh(1487) @ 0: uvm_test_top.tb.hbus.masters[0].sequencer [PHASESEQ] No default phase sequence for phase 'reset'
UVM_INFO /home/eda/cadence/xcelium/XCELIUM1803/tools/methodology/UVM/CDNS-1.2/sv/src/seq/uvm_sequencer_base.svh(1487) @ 0: uvm_test_top.tb.yapp.tx_agent.sequencer [PHASESEQ] No default phase sequence for phase 'reset'
UVM_INFO /home/eda/cadence/xcelium/XCELIUM1803/tools/methodology/UVM/CDNS-1.2/sv/src/seq/uvm_sequencer_base.svh(1533) @ 0: uvm_test_top.tb.chan0.rx_agent.sequencer [PHASESEQ] No default sequence to kill for phase 'reset'
UVM_INFO /home/eda/cadence/xcelium/XCELIUM1803/tools/methodology/UVM/CDNS-1.2/sv/src/seq/uvm_sequencer_base.svh(1533) @ 0: uvm_test_top.tb.chan1.rx_agent.sequencer [PHASESEQ] No default sequence to kill for phase 'reset'
UVM_INFO /home/eda/cadence/xcelium/XCELIUM1803/tools/methodology/UVM/CDNS-1.2/sv/src/seq/uvm_sequencer_base.svh(1533) @ 0: uvm_test_top.tb.chan2.rx_agent.sequencer [PHASESEQ] No default sequence to kill for phase 'reset'
UVM_INFO /home/eda/cadence/xcelium/XCELIUM1803/tools/methodology/UVM/CDNS-1.2/sv/src/seq/uvm_sequencer_base.svh(1533) @ 0: uvm_test_top.tb.clock_and_reset.agent.sequencer [PHASESEQ] No default sequence to kill for phase 'reset'
UVM_INFO /home/eda/cadence/xcelium/XCELIUM1803/tools/methodology/UVM/CDNS-1.2/sv/src/seq/uvm_sequencer_base.svh(1533) @ 0: uvm_test_top.tb.hbus.masters[0].sequencer [PHASESEQ] No default sequence to kill for phase 'reset'
UVM_INFO /home/eda/cadence/xcelium/XCELIUM1803/tools/methodology/UVM/CDNS-1.2/sv/src/seq/uvm_sequencer_base.svh(1533) @ 0: uvm_test_top.tb.yapp.tx_agent.sequencer [PHASESEQ] No default sequence to kill for phase 'reset'
UVM_INFO /home/eda/cadence/xcelium/XCELIUM1803/tools/methodology/UVM/CDNS-1.2/sv/src/seq/uvm_sequencer_base.svh(1487) @ 0: uvm_test_top.tb.chan0.rx_agent.sequencer [PHASESEQ] No default phase sequence for phase 'post_reset'
UVM_INFO /home/eda/cadence/xcelium/XCELIUM1803/tools/methodology/UVM/CDNS-1.2/sv/src/seq/uvm_sequencer_base.svh(1487) @ 0: uvm_test_top.tb.chan1.rx_agent.sequencer [PHASESEQ] No default phase sequence for phase 'post_reset'
UVM_INFO /home/eda/cadence/xcelium/XCELIUM1803/tools/methodology/UVM/CDNS-1.2/sv/src/seq/uvm_sequencer_base.svh(1487) @ 0: uvm_test_top.tb.chan2.rx_agent.sequencer [PHASESEQ] No default phase sequence for phase 'post_reset'
UVM_INFO /home/eda/cadence/xcelium/XCELIUM1803/tools/methodology/UVM/CDNS-1.2/sv/src/seq/uvm_sequencer_base.svh(1487) @ 0: uvm_test_top.tb.clock_and_reset.agent.sequencer [PHASESEQ] No default phase sequence for phase 'post_reset'
UVM_INFO /home/eda/cadence/xcelium/XCELIUM1803/tools/methodology/UVM/CDNS-1.2/sv/src/seq/uvm_sequencer_base.svh(1487) @ 0: uvm_test_top.tb.hbus.masters[0].sequencer [PHASESEQ] No default phase sequence for phase 'post_reset'
UVM_INFO /home/eda/cadence/xcelium/XCELIUM1803/tools/methodology/UVM/CDNS-1.2/sv/src/seq/uvm_sequencer_base.svh(1487) @ 0: uvm_test_top.tb.yapp.tx_agent.sequencer [PHASESEQ] No default phase sequence for phase 'post_reset'
UVM_INFO /home/eda/cadence/xcelium/XCELIUM1803/tools/methodology/UVM/CDNS-1.2/sv/src/seq/uvm_sequencer_base.svh(1533) @ 0: uvm_test_top.tb.chan0.rx_agent.sequencer [PHASESEQ] No default sequence to kill for phase 'post_reset'
UVM_INFO /home/eda/cadence/xcelium/XCELIUM1803/tools/methodology/UVM/CDNS-1.2/sv/src/seq/uvm_sequencer_base.svh(1533) @ 0: uvm_test_top.tb.chan1.rx_agent.sequencer [PHASESEQ] No default sequence to kill for phase 'post_reset'
UVM_INFO /home/eda/cadence/xcelium/XCELIUM1803/tools/methodology/UVM/CDNS-1.2/sv/src/seq/uvm_sequencer_base.svh(1533) @ 0: uvm_test_top.tb.chan2.rx_agent.sequencer [PHASESEQ] No default sequence to kill for phase 'post_reset'
UVM_INFO /home/eda/cadence/xcelium/XCELIUM1803/tools/methodology/UVM/CDNS-1.2/sv/src/seq/uvm_sequencer_base.svh(1533) @ 0: uvm_test_top.tb.clock_and_reset.agent.sequencer [PHASESEQ] No default sequence to kill for phase 'post_reset'
UVM_INFO /home/eda/cadence/xcelium/XCELIUM1803/tools/methodology/UVM/CDNS-1.2/sv/src/seq/uvm_sequencer_base.svh(1533) @ 0: uvm_test_top.tb.hbus.masters[0].sequencer [PHASESEQ] No default sequence to kill for phase 'post_reset'
UVM_INFO /home/eda/cadence/xcelium/XCELIUM1803/tools/methodology/UVM/CDNS-1.2/sv/src/seq/uvm_sequencer_base.svh(1533) @ 0: uvm_test_top.tb.yapp.tx_agent.sequencer [PHASESEQ] No default sequence to kill for phase 'post_reset'
UVM_INFO /home/eda/cadence/xcelium/XCELIUM1803/tools/methodology/UVM/CDNS-1.2/sv/src/seq/uvm_sequencer_base.svh(1487) @ 0: uvm_test_top.tb.chan0.rx_agent.sequencer [PHASESEQ] No default phase sequence for phase 'pre_configure'
UVM_INFO /home/eda/cadence/xcelium/XCELIUM1803/tools/methodology/UVM/CDNS-1.2/sv/src/seq/uvm_sequencer_base.svh(1487) @ 0: uvm_test_top.tb.chan1.rx_agent.sequencer [PHASESEQ] No default phase sequence for phase 'pre_configure'
UVM_INFO /home/eda/cadence/xcelium/XCELIUM1803/tools/methodology/UVM/CDNS-1.2/sv/src/seq/uvm_sequencer_base.svh(1487) @ 0: uvm_test_top.tb.chan2.rx_agent.sequencer [PHASESEQ] No default phase sequence for phase 'pre_configure'
UVM_INFO /home/eda/cadence/xcelium/XCELIUM1803/tools/methodology/UVM/CDNS-1.2/sv/src/seq/uvm_sequencer_base.svh(1487) @ 0: uvm_test_top.tb.clock_and_reset.agent.sequencer [PHASESEQ] No default phase sequence for phase 'pre_configure'
UVM_INFO /home/eda/cadence/xcelium/XCELIUM1803/tools/methodology/UVM/CDNS-1.2/sv/src/seq/uvm_sequencer_base.svh(1487) @ 0: uvm_test_top.tb.hbus.masters[0].sequencer [PHASESEQ] No default phase sequence for phase 'pre_configure'
UVM_INFO /home/eda/cadence/xcelium/XCELIUM1803/tools/methodology/UVM/CDNS-1.2/sv/src/seq/uvm_sequencer_base.svh(1487) @ 0: uvm_test_top.tb.yapp.tx_agent.sequencer [PHASESEQ] No default phase sequence for phase 'pre_configure'
UVM_INFO /home/eda/cadence/xcelium/XCELIUM1803/tools/methodology/UVM/CDNS-1.2/sv/src/seq/uvm_sequencer_base.svh(1533) @ 0: uvm_test_top.tb.chan0.rx_agent.sequencer [PHASESEQ] No default sequence to kill for phase 'pre_configure'
UVM_INFO /home/eda/cadence/xcelium/XCELIUM1803/tools/methodology/UVM/CDNS-1.2/sv/src/seq/uvm_sequencer_base.svh(1533) @ 0: uvm_test_top.tb.chan1.rx_agent.sequencer [PHASESEQ] No default sequence to kill for phase 'pre_configure'
UVM_INFO /home/eda/cadence/xcelium/XCELIUM1803/tools/methodology/UVM/CDNS-1.2/sv/src/seq/uvm_sequencer_base.svh(1533) @ 0: uvm_test_top.tb.chan2.rx_agent.sequencer [PHASESEQ] No default sequence to kill for phase 'pre_configure'
UVM_INFO /home/eda/cadence/xcelium/XCELIUM1803/tools/methodology/UVM/CDNS-1.2/sv/src/seq/uvm_sequencer_base.svh(1533) @ 0: uvm_test_top.tb.clock_and_reset.agent.sequencer [PHASESEQ] No default sequence to kill for phase 'pre_configure'
UVM_INFO /home/eda/cadence/xcelium/XCELIUM1803/tools/methodology/UVM/CDNS-1.2/sv/src/seq/uvm_sequencer_base.svh(1533) @ 0: uvm_test_top.tb.hbus.masters[0].sequencer [PHASESEQ] No default sequence to kill for phase 'pre_configure'
UVM_INFO /home/eda/cadence/xcelium/XCELIUM1803/tools/methodology/UVM/CDNS-1.2/sv/src/seq/uvm_sequencer_base.svh(1533) @ 0: uvm_test_top.tb.yapp.tx_agent.sequencer [PHASESEQ] No default sequence to kill for phase 'pre_configure'
UVM_INFO /home/eda/cadence/xcelium/XCELIUM1803/tools/methodology/UVM/CDNS-1.2/sv/src/seq/uvm_sequencer_base.svh(1487) @ 0: uvm_test_top.tb.chan0.rx_agent.sequencer [PHASESEQ] No default phase sequence for phase 'configure'
UVM_INFO /home/eda/cadence/xcelium/XCELIUM1803/tools/methodology/UVM/CDNS-1.2/sv/src/seq/uvm_sequencer_base.svh(1487) @ 0: uvm_test_top.tb.chan1.rx_agent.sequencer [PHASESEQ] No default phase sequence for phase 'configure'
UVM_INFO /home/eda/cadence/xcelium/XCELIUM1803/tools/methodology/UVM/CDNS-1.2/sv/src/seq/uvm_sequencer_base.svh(1487) @ 0: uvm_test_top.tb.chan2.rx_agent.sequencer [PHASESEQ] No default phase sequence for phase 'configure'
UVM_INFO /home/eda/cadence/xcelium/XCELIUM1803/tools/methodology/UVM/CDNS-1.2/sv/src/seq/uvm_sequencer_base.svh(1487) @ 0: uvm_test_top.tb.clock_and_reset.agent.sequencer [PHASESEQ] No default phase sequence for phase 'configure'
UVM_INFO /home/eda/cadence/xcelium/XCELIUM1803/tools/methodology/UVM/CDNS-1.2/sv/src/seq/uvm_sequencer_base.svh(1487) @ 0: uvm_test_top.tb.hbus.masters[0].sequencer [PHASESEQ] No default phase sequence for phase 'configure'
UVM_INFO /home/eda/cadence/xcelium/XCELIUM1803/tools/methodology/UVM/CDNS-1.2/sv/src/seq/uvm_sequencer_base.svh(1487) @ 0: uvm_test_top.tb.yapp.tx_agent.sequencer [PHASESEQ] No default phase sequence for phase 'configure'
UVM_INFO /home/eda/cadence/xcelium/XCELIUM1803/tools/methodology/UVM/CDNS-1.2/sv/src/seq/uvm_sequencer_base.svh(1533) @ 0: uvm_test_top.tb.chan0.rx_agent.sequencer [PHASESEQ] No default sequence to kill for phase 'configure'
UVM_INFO /home/eda/cadence/xcelium/XCELIUM1803/tools/methodology/UVM/CDNS-1.2/sv/src/seq/uvm_sequencer_base.svh(1533) @ 0: uvm_test_top.tb.chan1.rx_agent.sequencer [PHASESEQ] No default sequence to kill for phase 'configure'
UVM_INFO /home/eda/cadence/xcelium/XCELIUM1803/tools/methodology/UVM/CDNS-1.2/sv/src/seq/uvm_sequencer_base.svh(1533) @ 0: uvm_test_top.tb.chan2.rx_agent.sequencer [PHASESEQ] No default sequence to kill for phase 'configure'
UVM_INFO /home/eda/cadence/xcelium/XCELIUM1803/tools/methodology/UVM/CDNS-1.2/sv/src/seq/uvm_sequencer_base.svh(1533) @ 0: uvm_test_top.tb.clock_and_reset.agent.sequencer [PHASESEQ] No default sequence to kill for phase 'configure'
UVM_INFO /home/eda/cadence/xcelium/XCELIUM1803/tools/methodology/UVM/CDNS-1.2/sv/src/seq/uvm_sequencer_base.svh(1533) @ 0: uvm_test_top.tb.hbus.masters[0].sequencer [PHASESEQ] No default sequence to kill for phase 'configure'
UVM_INFO /home/eda/cadence/xcelium/XCELIUM1803/tools/methodology/UVM/CDNS-1.2/sv/src/seq/uvm_sequencer_base.svh(1533) @ 0: uvm_test_top.tb.yapp.tx_agent.sequencer [PHASESEQ] No default sequence to kill for phase 'configure'
UVM_INFO /home/eda/cadence/xcelium/XCELIUM1803/tools/methodology/UVM/CDNS-1.2/sv/src/seq/uvm_sequencer_base.svh(1487) @ 0: uvm_test_top.tb.chan0.rx_agent.sequencer [PHASESEQ] No default phase sequence for phase 'post_configure'
UVM_INFO /home/eda/cadence/xcelium/XCELIUM1803/tools/methodology/UVM/CDNS-1.2/sv/src/seq/uvm_sequencer_base.svh(1487) @ 0: uvm_test_top.tb.chan1.rx_agent.sequencer [PHASESEQ] No default phase sequence for phase 'post_configure'
UVM_INFO /home/eda/cadence/xcelium/XCELIUM1803/tools/methodology/UVM/CDNS-1.2/sv/src/seq/uvm_sequencer_base.svh(1487) @ 0: uvm_test_top.tb.chan2.rx_agent.sequencer [PHASESEQ] No default phase sequence for phase 'post_configure'
UVM_INFO /home/eda/cadence/xcelium/XCELIUM1803/tools/methodology/UVM/CDNS-1.2/sv/src/seq/uvm_sequencer_base.svh(1487) @ 0: uvm_test_top.tb.clock_and_reset.agent.sequencer [PHASESEQ] No default phase sequence for phase 'post_configure'
UVM_INFO /home/eda/cadence/xcelium/XCELIUM1803/tools/methodology/UVM/CDNS-1.2/sv/src/seq/uvm_sequencer_base.svh(1487) @ 0: uvm_test_top.tb.hbus.masters[0].sequencer [PHASESEQ] No default phase sequence for phase 'post_configure'
UVM_INFO /home/eda/cadence/xcelium/XCELIUM1803/tools/methodology/UVM/CDNS-1.2/sv/src/seq/uvm_sequencer_base.svh(1487) @ 0: uvm_test_top.tb.yapp.tx_agent.sequencer [PHASESEQ] No default phase sequence for phase 'post_configure'
UVM_INFO /home/eda/cadence/xcelium/XCELIUM1803/tools/methodology/UVM/CDNS-1.2/sv/src/seq/uvm_sequencer_base.svh(1533) @ 0: uvm_test_top.tb.chan0.rx_agent.sequencer [PHASESEQ] No default sequence to kill for phase 'post_configure'
UVM_INFO /home/eda/cadence/xcelium/XCELIUM1803/tools/methodology/UVM/CDNS-1.2/sv/src/seq/uvm_sequencer_base.svh(1533) @ 0: uvm_test_top.tb.chan1.rx_agent.sequencer [PHASESEQ] No default sequence to kill for phase 'post_configure'
UVM_INFO /home/eda/cadence/xcelium/XCELIUM1803/tools/methodology/UVM/CDNS-1.2/sv/src/seq/uvm_sequencer_base.svh(1533) @ 0: uvm_test_top.tb.chan2.rx_agent.sequencer [PHASESEQ] No default sequence to kill for phase 'post_configure'
UVM_INFO /home/eda/cadence/xcelium/XCELIUM1803/tools/methodology/UVM/CDNS-1.2/sv/src/seq/uvm_sequencer_base.svh(1533) @ 0: uvm_test_top.tb.clock_and_reset.agent.sequencer [PHASESEQ] No default sequence to kill for phase 'post_configure'
UVM_INFO /home/eda/cadence/xcelium/XCELIUM1803/tools/methodology/UVM/CDNS-1.2/sv/src/seq/uvm_sequencer_base.svh(1533) @ 0: uvm_test_top.tb.hbus.masters[0].sequencer [PHASESEQ] No default sequence to kill for phase 'post_configure'
UVM_INFO /home/eda/cadence/xcelium/XCELIUM1803/tools/methodology/UVM/CDNS-1.2/sv/src/seq/uvm_sequencer_base.svh(1533) @ 0: uvm_test_top.tb.yapp.tx_agent.sequencer [PHASESEQ] No default sequence to kill for phase 'post_configure'
UVM_INFO /home/eda/cadence/xcelium/XCELIUM1803/tools/methodology/UVM/CDNS-1.2/sv/src/seq/uvm_sequencer_base.svh(1487) @ 0: uvm_test_top.tb.chan0.rx_agent.sequencer [PHASESEQ] No default phase sequence for phase 'pre_main'
UVM_INFO /home/eda/cadence/xcelium/XCELIUM1803/tools/methodology/UVM/CDNS-1.2/sv/src/seq/uvm_sequencer_base.svh(1487) @ 0: uvm_test_top.tb.chan1.rx_agent.sequencer [PHASESEQ] No default phase sequence for phase 'pre_main'
UVM_INFO /home/eda/cadence/xcelium/XCELIUM1803/tools/methodology/UVM/CDNS-1.2/sv/src/seq/uvm_sequencer_base.svh(1487) @ 0: uvm_test_top.tb.chan2.rx_agent.sequencer [PHASESEQ] No default phase sequence for phase 'pre_main'
UVM_INFO /home/eda/cadence/xcelium/XCELIUM1803/tools/methodology/UVM/CDNS-1.2/sv/src/seq/uvm_sequencer_base.svh(1487) @ 0: uvm_test_top.tb.clock_and_reset.agent.sequencer [PHASESEQ] No default phase sequence for phase 'pre_main'
UVM_INFO /home/eda/cadence/xcelium/XCELIUM1803/tools/methodology/UVM/CDNS-1.2/sv/src/seq/uvm_sequencer_base.svh(1487) @ 0: uvm_test_top.tb.hbus.masters[0].sequencer [PHASESEQ] No default phase sequence for phase 'pre_main'
UVM_INFO /home/eda/cadence/xcelium/XCELIUM1803/tools/methodology/UVM/CDNS-1.2/sv/src/seq/uvm_sequencer_base.svh(1487) @ 0: uvm_test_top.tb.yapp.tx_agent.sequencer [PHASESEQ] No default phase sequence for phase 'pre_main'
UVM_INFO /home/eda/cadence/xcelium/XCELIUM1803/tools/methodology/UVM/CDNS-1.2/sv/src/seq/uvm_sequencer_base.svh(1533) @ 0: uvm_test_top.tb.chan0.rx_agent.sequencer [PHASESEQ] No default sequence to kill for phase 'pre_main'
UVM_INFO /home/eda/cadence/xcelium/XCELIUM1803/tools/methodology/UVM/CDNS-1.2/sv/src/seq/uvm_sequencer_base.svh(1533) @ 0: uvm_test_top.tb.chan1.rx_agent.sequencer [PHASESEQ] No default sequence to kill for phase 'pre_main'
UVM_INFO /home/eda/cadence/xcelium/XCELIUM1803/tools/methodology/UVM/CDNS-1.2/sv/src/seq/uvm_sequencer_base.svh(1533) @ 0: uvm_test_top.tb.chan2.rx_agent.sequencer [PHASESEQ] No default sequence to kill for phase 'pre_main'
UVM_INFO /home/eda/cadence/xcelium/XCELIUM1803/tools/methodology/UVM/CDNS-1.2/sv/src/seq/uvm_sequencer_base.svh(1533) @ 0: uvm_test_top.tb.clock_and_reset.agent.sequencer [PHASESEQ] No default sequence to kill for phase 'pre_main'
UVM_INFO /home/eda/cadence/xcelium/XCELIUM1803/tools/methodology/UVM/CDNS-1.2/sv/src/seq/uvm_sequencer_base.svh(1533) @ 0: uvm_test_top.tb.hbus.masters[0].sequencer [PHASESEQ] No default sequence to kill for phase 'pre_main'
UVM_INFO /home/eda/cadence/xcelium/XCELIUM1803/tools/methodology/UVM/CDNS-1.2/sv/src/seq/uvm_sequencer_base.svh(1533) @ 0: uvm_test_top.tb.yapp.tx_agent.sequencer [PHASESEQ] No default sequence to kill for phase 'pre_main'
UVM_INFO /home/eda/cadence/xcelium/XCELIUM1803/tools/methodology/UVM/CDNS-1.2/sv/src/seq/uvm_sequencer_base.svh(1487) @ 0: uvm_test_top.tb.chan0.rx_agent.sequencer [PHASESEQ] No default phase sequence for phase 'main'
UVM_INFO /home/eda/cadence/xcelium/XCELIUM1803/tools/methodology/UVM/CDNS-1.2/sv/src/seq/uvm_sequencer_base.svh(1487) @ 0: uvm_test_top.tb.chan1.rx_agent.sequencer [PHASESEQ] No default phase sequence for phase 'main'
UVM_INFO /home/eda/cadence/xcelium/XCELIUM1803/tools/methodology/UVM/CDNS-1.2/sv/src/seq/uvm_sequencer_base.svh(1487) @ 0: uvm_test_top.tb.chan2.rx_agent.sequencer [PHASESEQ] No default phase sequence for phase 'main'
UVM_INFO /home/eda/cadence/xcelium/XCELIUM1803/tools/methodology/UVM/CDNS-1.2/sv/src/seq/uvm_sequencer_base.svh(1487) @ 0: uvm_test_top.tb.clock_and_reset.agent.sequencer [PHASESEQ] No default phase sequence for phase 'main'
UVM_INFO /home/eda/cadence/xcelium/XCELIUM1803/tools/methodology/UVM/CDNS-1.2/sv/src/seq/uvm_sequencer_base.svh(1487) @ 0: uvm_test_top.tb.hbus.masters[0].sequencer [PHASESEQ] No default phase sequence for phase 'main'
UVM_INFO /home/eda/cadence/xcelium/XCELIUM1803/tools/methodology/UVM/CDNS-1.2/sv/src/seq/uvm_sequencer_base.svh(1487) @ 0: uvm_test_top.tb.yapp.tx_agent.sequencer [PHASESEQ] No default phase sequence for phase 'main'
UVM_INFO /home/eda/cadence/xcelium/XCELIUM1803/tools/methodology/UVM/CDNS-1.2/sv/src/seq/uvm_sequencer_base.svh(1533) @ 0: uvm_test_top.tb.chan0.rx_agent.sequencer [PHASESEQ] No default sequence to kill for phase 'main'
UVM_INFO /home/eda/cadence/xcelium/XCELIUM1803/tools/methodology/UVM/CDNS-1.2/sv/src/seq/uvm_sequencer_base.svh(1533) @ 0: uvm_test_top.tb.chan1.rx_agent.sequencer [PHASESEQ] No default sequence to kill for phase 'main'
UVM_INFO /home/eda/cadence/xcelium/XCELIUM1803/tools/methodology/UVM/CDNS-1.2/sv/src/seq/uvm_sequencer_base.svh(1533) @ 0: uvm_test_top.tb.chan2.rx_agent.sequencer [PHASESEQ] No default sequence to kill for phase 'main'
UVM_INFO /home/eda/cadence/xcelium/XCELIUM1803/tools/methodology/UVM/CDNS-1.2/sv/src/seq/uvm_sequencer_base.svh(1533) @ 0: uvm_test_top.tb.clock_and_reset.agent.sequencer [PHASESEQ] No default sequence to kill for phase 'main'
UVM_INFO /home/eda/cadence/xcelium/XCELIUM1803/tools/methodology/UVM/CDNS-1.2/sv/src/seq/uvm_sequencer_base.svh(1533) @ 0: uvm_test_top.tb.hbus.masters[0].sequencer [PHASESEQ] No default sequence to kill for phase 'main'
UVM_INFO /home/eda/cadence/xcelium/XCELIUM1803/tools/methodology/UVM/CDNS-1.2/sv/src/seq/uvm_sequencer_base.svh(1533) @ 0: uvm_test_top.tb.yapp.tx_agent.sequencer [PHASESEQ] No default sequence to kill for phase 'main'
UVM_INFO /home/eda/cadence/xcelium/XCELIUM1803/tools/methodology/UVM/CDNS-1.2/sv/src/seq/uvm_sequencer_base.svh(1487) @ 0: uvm_test_top.tb.chan0.rx_agent.sequencer [PHASESEQ] No default phase sequence for phase 'post_main'
UVM_INFO /home/eda/cadence/xcelium/XCELIUM1803/tools/methodology/UVM/CDNS-1.2/sv/src/seq/uvm_sequencer_base.svh(1487) @ 0: uvm_test_top.tb.chan1.rx_agent.sequencer [PHASESEQ] No default phase sequence for phase 'post_main'
UVM_INFO /home/eda/cadence/xcelium/XCELIUM1803/tools/methodology/UVM/CDNS-1.2/sv/src/seq/uvm_sequencer_base.svh(1487) @ 0: uvm_test_top.tb.chan2.rx_agent.sequencer [PHASESEQ] No default phase sequence for phase 'post_main'
UVM_INFO /home/eda/cadence/xcelium/XCELIUM1803/tools/methodology/UVM/CDNS-1.2/sv/src/seq/uvm_sequencer_base.svh(1487) @ 0: uvm_test_top.tb.clock_and_reset.agent.sequencer [PHASESEQ] No default phase sequence for phase 'post_main'
UVM_INFO /home/eda/cadence/xcelium/XCELIUM1803/tools/methodology/UVM/CDNS-1.2/sv/src/seq/uvm_sequencer_base.svh(1487) @ 0: uvm_test_top.tb.hbus.masters[0].sequencer [PHASESEQ] No default phase sequence for phase 'post_main'
UVM_INFO /home/eda/cadence/xcelium/XCELIUM1803/tools/methodology/UVM/CDNS-1.2/sv/src/seq/uvm_sequencer_base.svh(1487) @ 0: uvm_test_top.tb.yapp.tx_agent.sequencer [PHASESEQ] No default phase sequence for phase 'post_main'
UVM_INFO /home/eda/cadence/xcelium/XCELIUM1803/tools/methodology/UVM/CDNS-1.2/sv/src/seq/uvm_sequencer_base.svh(1533) @ 0: uvm_test_top.tb.chan0.rx_agent.sequencer [PHASESEQ] No default sequence to kill for phase 'post_main'
UVM_INFO /home/eda/cadence/xcelium/XCELIUM1803/tools/methodology/UVM/CDNS-1.2/sv/src/seq/uvm_sequencer_base.svh(1533) @ 0: uvm_test_top.tb.chan1.rx_agent.sequencer [PHASESEQ] No default sequence to kill for phase 'post_main'
UVM_INFO /home/eda/cadence/xcelium/XCELIUM1803/tools/methodology/UVM/CDNS-1.2/sv/src/seq/uvm_sequencer_base.svh(1533) @ 0: uvm_test_top.tb.chan2.rx_agent.sequencer [PHASESEQ] No default sequence to kill for phase 'post_main'
UVM_INFO /home/eda/cadence/xcelium/XCELIUM1803/tools/methodology/UVM/CDNS-1.2/sv/src/seq/uvm_sequencer_base.svh(1533) @ 0: uvm_test_top.tb.clock_and_reset.agent.sequencer [PHASESEQ] No default sequence to kill for phase 'post_main'
UVM_INFO /home/eda/cadence/xcelium/XCELIUM1803/tools/methodology/UVM/CDNS-1.2/sv/src/seq/uvm_sequencer_base.svh(1533) @ 0: uvm_test_top.tb.hbus.masters[0].sequencer [PHASESEQ] No default sequence to kill for phase 'post_main'
UVM_INFO /home/eda/cadence/xcelium/XCELIUM1803/tools/methodology/UVM/CDNS-1.2/sv/src/seq/uvm_sequencer_base.svh(1533) @ 0: uvm_test_top.tb.yapp.tx_agent.sequencer [PHASESEQ] No default sequence to kill for phase 'post_main'
UVM_INFO /home/eda/cadence/xcelium/XCELIUM1803/tools/methodology/UVM/CDNS-1.2/sv/src/seq/uvm_sequencer_base.svh(1487) @ 0: uvm_test_top.tb.chan0.rx_agent.sequencer [PHASESEQ] No default phase sequence for phase 'pre_shutdown'
UVM_INFO /home/eda/cadence/xcelium/XCELIUM1803/tools/methodology/UVM/CDNS-1.2/sv/src/seq/uvm_sequencer_base.svh(1487) @ 0: uvm_test_top.tb.chan1.rx_agent.sequencer [PHASESEQ] No default phase sequence for phase 'pre_shutdown'
UVM_INFO /home/eda/cadence/xcelium/XCELIUM1803/tools/methodology/UVM/CDNS-1.2/sv/src/seq/uvm_sequencer_base.svh(1487) @ 0: uvm_test_top.tb.chan2.rx_agent.sequencer [PHASESEQ] No default phase sequence for phase 'pre_shutdown'
UVM_INFO /home/eda/cadence/xcelium/XCELIUM1803/tools/methodology/UVM/CDNS-1.2/sv/src/seq/uvm_sequencer_base.svh(1487) @ 0: uvm_test_top.tb.clock_and_reset.agent.sequencer [PHASESEQ] No default phase sequence for phase 'pre_shutdown'
UVM_INFO /home/eda/cadence/xcelium/XCELIUM1803/tools/methodology/UVM/CDNS-1.2/sv/src/seq/uvm_sequencer_base.svh(1487) @ 0: uvm_test_top.tb.hbus.masters[0].sequencer [PHASESEQ] No default phase sequence for phase 'pre_shutdown'
UVM_INFO /home/eda/cadence/xcelium/XCELIUM1803/tools/methodology/UVM/CDNS-1.2/sv/src/seq/uvm_sequencer_base.svh(1487) @ 0: uvm_test_top.tb.yapp.tx_agent.sequencer [PHASESEQ] No default phase sequence for phase 'pre_shutdown'
UVM_INFO /home/eda/cadence/xcelium/XCELIUM1803/tools/methodology/UVM/CDNS-1.2/sv/src/seq/uvm_sequencer_base.svh(1533) @ 0: uvm_test_top.tb.chan0.rx_agent.sequencer [PHASESEQ] No default sequence to kill for phase 'pre_shutdown'
UVM_INFO /home/eda/cadence/xcelium/XCELIUM1803/tools/methodology/UVM/CDNS-1.2/sv/src/seq/uvm_sequencer_base.svh(1533) @ 0: uvm_test_top.tb.chan1.rx_agent.sequencer [PHASESEQ] No default sequence to kill for phase 'pre_shutdown'
UVM_INFO /home/eda/cadence/xcelium/XCELIUM1803/tools/methodology/UVM/CDNS-1.2/sv/src/seq/uvm_sequencer_base.svh(1533) @ 0: uvm_test_top.tb.chan2.rx_agent.sequencer [PHASESEQ] No default sequence to kill for phase 'pre_shutdown'
UVM_INFO /home/eda/cadence/xcelium/XCELIUM1803/tools/methodology/UVM/CDNS-1.2/sv/src/seq/uvm_sequencer_base.svh(1533) @ 0: uvm_test_top.tb.clock_and_reset.agent.sequencer [PHASESEQ] No default sequence to kill for phase 'pre_shutdown'
UVM_INFO /home/eda/cadence/xcelium/XCELIUM1803/tools/methodology/UVM/CDNS-1.2/sv/src/seq/uvm_sequencer_base.svh(1533) @ 0: uvm_test_top.tb.hbus.masters[0].sequencer [PHASESEQ] No default sequence to kill for phase 'pre_shutdown'
UVM_INFO /home/eda/cadence/xcelium/XCELIUM1803/tools/methodology/UVM/CDNS-1.2/sv/src/seq/uvm_sequencer_base.svh(1533) @ 0: uvm_test_top.tb.yapp.tx_agent.sequencer [PHASESEQ] No default sequence to kill for phase 'pre_shutdown'
UVM_INFO /home/eda/cadence/xcelium/XCELIUM1803/tools/methodology/UVM/CDNS-1.2/sv/src/seq/uvm_sequencer_base.svh(1487) @ 0: uvm_test_top.tb.chan0.rx_agent.sequencer [PHASESEQ] No default phase sequence for phase 'shutdown'
UVM_INFO /home/eda/cadence/xcelium/XCELIUM1803/tools/methodology/UVM/CDNS-1.2/sv/src/seq/uvm_sequencer_base.svh(1487) @ 0: uvm_test_top.tb.chan1.rx_agent.sequencer [PHASESEQ] No default phase sequence for phase 'shutdown'
UVM_INFO /home/eda/cadence/xcelium/XCELIUM1803/tools/methodology/UVM/CDNS-1.2/sv/src/seq/uvm_sequencer_base.svh(1487) @ 0: uvm_test_top.tb.chan2.rx_agent.sequencer [PHASESEQ] No default phase sequence for phase 'shutdown'
UVM_INFO /home/eda/cadence/xcelium/XCELIUM1803/tools/methodology/UVM/CDNS-1.2/sv/src/seq/uvm_sequencer_base.svh(1487) @ 0: uvm_test_top.tb.clock_and_reset.agent.sequencer [PHASESEQ] No default phase sequence for phase 'shutdown'
UVM_INFO /home/eda/cadence/xcelium/XCELIUM1803/tools/methodology/UVM/CDNS-1.2/sv/src/seq/uvm_sequencer_base.svh(1487) @ 0: uvm_test_top.tb.hbus.masters[0].sequencer [PHASESEQ] No default phase sequence for phase 'shutdown'
UVM_INFO /home/eda/cadence/xcelium/XCELIUM1803/tools/methodology/UVM/CDNS-1.2/sv/src/seq/uvm_sequencer_base.svh(1487) @ 0: uvm_test_top.tb.yapp.tx_agent.sequencer [PHASESEQ] No default phase sequence for phase 'shutdown'
UVM_INFO /home/eda/cadence/xcelium/XCELIUM1803/tools/methodology/UVM/CDNS-1.2/sv/src/seq/uvm_sequencer_base.svh(1533) @ 0: uvm_test_top.tb.chan0.rx_agent.sequencer [PHASESEQ] No default sequence to kill for phase 'shutdown'
UVM_INFO /home/eda/cadence/xcelium/XCELIUM1803/tools/methodology/UVM/CDNS-1.2/sv/src/seq/uvm_sequencer_base.svh(1533) @ 0: uvm_test_top.tb.chan1.rx_agent.sequencer [PHASESEQ] No default sequence to kill for phase 'shutdown'
UVM_INFO /home/eda/cadence/xcelium/XCELIUM1803/tools/methodology/UVM/CDNS-1.2/sv/src/seq/uvm_sequencer_base.svh(1533) @ 0: uvm_test_top.tb.chan2.rx_agent.sequencer [PHASESEQ] No default sequence to kill for phase 'shutdown'
UVM_INFO /home/eda/cadence/xcelium/XCELIUM1803/tools/methodology/UVM/CDNS-1.2/sv/src/seq/uvm_sequencer_base.svh(1533) @ 0: uvm_test_top.tb.clock_and_reset.agent.sequencer [PHASESEQ] No default sequence to kill for phase 'shutdown'
UVM_INFO /home/eda/cadence/xcelium/XCELIUM1803/tools/methodology/UVM/CDNS-1.2/sv/src/seq/uvm_sequencer_base.svh(1533) @ 0: uvm_test_top.tb.hbus.masters[0].sequencer [PHASESEQ] No default sequence to kill for phase 'shutdown'
UVM_INFO /home/eda/cadence/xcelium/XCELIUM1803/tools/methodology/UVM/CDNS-1.2/sv/src/seq/uvm_sequencer_base.svh(1533) @ 0: uvm_test_top.tb.yapp.tx_agent.sequencer [PHASESEQ] No default sequence to kill for phase 'shutdown'
UVM_INFO /home/eda/cadence/xcelium/XCELIUM1803/tools/methodology/UVM/CDNS-1.2/sv/src/seq/uvm_sequencer_base.svh(1487) @ 0: uvm_test_top.tb.chan0.rx_agent.sequencer [PHASESEQ] No default phase sequence for phase 'post_shutdown'
UVM_INFO /home/eda/cadence/xcelium/XCELIUM1803/tools/methodology/UVM/CDNS-1.2/sv/src/seq/uvm_sequencer_base.svh(1487) @ 0: uvm_test_top.tb.chan1.rx_agent.sequencer [PHASESEQ] No default phase sequence for phase 'post_shutdown'
UVM_INFO /home/eda/cadence/xcelium/XCELIUM1803/tools/methodology/UVM/CDNS-1.2/sv/src/seq/uvm_sequencer_base.svh(1487) @ 0: uvm_test_top.tb.chan2.rx_agent.sequencer [PHASESEQ] No default phase sequence for phase 'post_shutdown'
UVM_INFO /home/eda/cadence/xcelium/XCELIUM1803/tools/methodology/UVM/CDNS-1.2/sv/src/seq/uvm_sequencer_base.svh(1487) @ 0: uvm_test_top.tb.clock_and_reset.agent.sequencer [PHASESEQ] No default phase sequence for phase 'post_shutdown'
UVM_INFO /home/eda/cadence/xcelium/XCELIUM1803/tools/methodology/UVM/CDNS-1.2/sv/src/seq/uvm_sequencer_base.svh(1487) @ 0: uvm_test_top.tb.hbus.masters[0].sequencer [PHASESEQ] No default phase sequence for phase 'post_shutdown'
UVM_INFO /home/eda/cadence/xcelium/XCELIUM1803/tools/methodology/UVM/CDNS-1.2/sv/src/seq/uvm_sequencer_base.svh(1487) @ 0: uvm_test_top.tb.yapp.tx_agent.sequencer [PHASESEQ] No default phase sequence for phase 'post_shutdown'
UVM_INFO ../../hbus/sv/hbus_if.sv(32) @ 50: reporter [HBUS_IF] Master Observed Reset
UVM_INFO ../../hbus/sv/hbus_monitor.sv(82) @ 50: uvm_test_top.tb.hbus.monitor [hbus_monitor] Reset Active
UVM_INFO ../../hbus/sv/hbus_monitor.sv(84) @ 550: uvm_test_top.tb.hbus.monitor [hbus_monitor] Reset Deasserted
UVM_INFO ../../hbus/sv/hbus_master_driver.sv(48) @ 550: uvm_test_top.tb.hbus.masters[0].driver [hbus_master_driver] Reset Dropped
UVM_INFO ../../channel/sv/channel_rx_monitor.sv(104) @ 550: uvm_test_top.tb.chan2.rx_agent.monitor [channel_rx_monitor] Detected Reset Done
UVM_INFO ../../channel/sv/channel_rx_driver.sv(63) @ 550: uvm_test_top.tb.chan2.rx_agent.driver [channel_rx_driver] Reset Dropped
UVM_INFO ../../channel/sv/channel_rx_monitor.sv(104) @ 550: uvm_test_top.tb.chan1.rx_agent.monitor [channel_rx_monitor] Detected Reset Done
UVM_INFO ../../channel/sv/channel_rx_driver.sv(63) @ 550: uvm_test_top.tb.chan1.rx_agent.driver [channel_rx_driver] Reset Dropped
UVM_INFO ../../channel/sv/channel_rx_monitor.sv(104) @ 550: uvm_test_top.tb.chan0.rx_agent.monitor [channel_rx_monitor] Detected Reset Done
UVM_INFO ../../channel/sv/channel_rx_driver.sv(63) @ 550: uvm_test_top.tb.chan0.rx_agent.driver [channel_rx_driver] Reset Dropped
UVM_INFO ../../yapp/sv/yapp_tx_monitor.sv(42) @ 550: uvm_test_top.tb.yapp.tx_agent.monitor [yapp_tx_monitor] Detected Reset Done
UVM_INFO ../../yapp/sv/yapp_tx_driver.sv(48) @ 550: uvm_test_top.tb.yapp.tx_agent.driver [yapp_tx_driver] Reset dropped
UVM_INFO ../../yapp/sv/yapp_tx_driver.sv(53) @ 550: uvm_test_top.tb.yapp.tx_agent.driver [yapp_tx_driver] Sending Packet :
------------------------------------------------------------------------------------------------------------
Name                           Type               Size  Value                                               
------------------------------------------------------------------------------------------------------------
req                            short_yapp_packet  -     @8634                                               
  length                       integral           6     'h5                                                 
  addr                         integral           2     'h0                                                 
  payload                      da(integral)       5     -                                                   
    [0]                        integral           8     'h29                                                
    [1]                        integral           8     'hce                                                
    [2]                        integral           8     'h92                                                
    [3]                        integral           8     'hef                                                
    [4]                        integral           8     'hc9                                                
  parity                       integral           8     'h47                                                
  parity_type                  parity_t           1     GOOD_PARITY                                         
  packet_delay                 integral           32    'd5                                                 
  begin_time                   time               64    550                                                 
  depth                        int                32    'd2                                                 
  parent sequence (name)       string             12    yapp_012_seq                                        
  parent sequence (full name)  string             52    uvm_test_top.tb.yapp.tx_agent.sequencer.yapp_012_seq
  sequencer                    string             39    uvm_test_top.tb.yapp.tx_agent.sequencer             
------------------------------------------------------------------------------------------------------------

UVM_INFO ../../yapp/sv/yapp_if.sv(81) @ 1150: reporter [YAPP_IF] collect packets
UVM_INFO ../../yapp/sv/yapp_tx_monitor.sv(57) @ 1750: uvm_test_top.tb.yapp.tx_agent.monitor [yapp_tx_monitor] Packet Collected :
----------------------------------------------------
Name            Type               Size  Value      
----------------------------------------------------
pkt             short_yapp_packet  -     @8201      
  length        integral           6     'h5        
  addr          integral           2     'h0        
  payload       da(integral)       5     -          
    [0]         integral           8     'h29       
    [1]         integral           8     'hce       
    [2]         integral           8     'h92       
    [3]         integral           8     'hef       
    [4]         integral           8     'hc9       
  parity        integral           8     'h47       
  parity_type   parity_t           1     GOOD_PARITY
  packet_delay  integral           32    'd0        
  begin_time    time               64    1150       
  end_time      time               64    1750       
----------------------------------------------------

UVM_INFO ../../yapp/sv/yapp_tx_driver.sv(53) @ 1800: uvm_test_top.tb.yapp.tx_agent.driver [yapp_tx_driver] Sending Packet :
------------------------------------------------------------------------------------------------------------
Name                           Type               Size  Value                                               
------------------------------------------------------------------------------------------------------------
req                            short_yapp_packet  -     @8379                                               
  length                       integral           6     'h5                                                 
  addr                         integral           2     'h1                                                 
  payload                      da(integral)       5     -                                                   
    [0]                        integral           8     'h6                                                 
    [1]                        integral           8     'ha1                                                
    [2]                        integral           8     'hcb                                                
    [3]                        integral           8     'ha7                                                
    [4]                        integral           8     'ha                                                 
  parity                       integral           8     'hd4                                                
  parity_type                  parity_t           1     GOOD_PARITY                                         
  packet_delay                 integral           32    'd16                                                
  begin_time                   time               64    1800                                                
  depth                        int                32    'd2                                                 
  parent sequence (name)       string             12    yapp_012_seq                                        
  parent sequence (full name)  string             52    uvm_test_top.tb.yapp.tx_agent.sequencer.yapp_012_seq
  sequencer                    string             39    uvm_test_top.tb.yapp.tx_agent.sequencer             
------------------------------------------------------------------------------------------------------------

UVM_INFO ../../channel/sv/channel_rx_monitor.sv(135) @ 2550: uvm_test_top.tb.chan0.rx_agent.monitor [channel_rx_monitor] Channel_0 Packet collected :
---------------------------------------------------
Name              Type            Size  Value      
---------------------------------------------------
packet_collected  channel_packet  -     @8212      
  length          integral        6     'h5        
  addr            integral        2     'h0        
  payload         da(integral)    5     -          
    [0]           integral        8     'h29       
    [1]           integral        8     'hce       
    [2]           integral        8     'h92       
    [3]           integral        8     'hef       
    [4]           integral        8     'hc9       
  parity          integral        8     'h47       
  parity_type     parity_e        1     GOOD_PARITY
  packet_delay    integral        32    'd0        
  begin_time      time            64    1850       
  end_time        time            64    2550       
---------------------------------------------------

UVM_INFO ../../yapp/sv/yapp_if.sv(81) @ 3550: reporter [YAPP_IF] collect packets
UVM_INFO ../../yapp/sv/yapp_tx_monitor.sv(57) @ 4150: uvm_test_top.tb.yapp.tx_agent.monitor [yapp_tx_monitor] Packet Collected :
----------------------------------------------------
Name            Type               Size  Value      
----------------------------------------------------
pkt             short_yapp_packet  -     @8116      
  length        integral           6     'h5        
  addr          integral           2     'h1        
  payload       da(integral)       5     -          
    [0]         integral           8     'h6        
    [1]         integral           8     'ha1       
    [2]         integral           8     'hcb       
    [3]         integral           8     'ha7       
    [4]         integral           8     'ha        
  parity        integral           8     'hd4       
  parity_type   parity_t           1     GOOD_PARITY
  packet_delay  integral           32    'd0        
  begin_time    time               64    3550       
  end_time      time               64    4150       
----------------------------------------------------

UVM_INFO ../../yapp/sv/yapp_tx_driver.sv(53) @ 4200: uvm_test_top.tb.yapp.tx_agent.driver [yapp_tx_driver] Sending Packet :
------------------------------------------------------------------------------------------------------------
Name                           Type               Size  Value                                               
------------------------------------------------------------------------------------------------------------
req                            short_yapp_packet  -     @8395                                               
  length                       integral           6     'h8                                                 
  addr                         integral           2     'h2                                                 
  payload                      da(integral)       8     -                                                   
    [0]                        integral           8     'h5e                                                
    [1]                        integral           8     'hb7                                                
    [2]                        integral           8     'hfe                                                
    [3]                        integral           8     'hc0                                                
    [4]                        integral           8     'h4c                                                
    [5]                        integral           8     'h39                                                
    [6]                        integral           8     'h79                                                
    [7]                        integral           8     'hdb                                                
  parity                       integral           8     'h22                                                
  parity_type                  parity_t           1     GOOD_PARITY                                         
  packet_delay                 integral           32    'd9                                                 
  begin_time                   time               64    4200                                                
  depth                        int                32    'd2                                                 
  parent sequence (name)       string             12    yapp_012_seq                                        
  parent sequence (full name)  string             52    uvm_test_top.tb.yapp.tx_agent.sequencer.yapp_012_seq
  sequencer                    string             39    uvm_test_top.tb.yapp.tx_agent.sequencer             
------------------------------------------------------------------------------------------------------------

UVM_INFO ../../channel/sv/channel_rx_monitor.sv(135) @ 4550: uvm_test_top.tb.chan1.rx_agent.monitor [channel_rx_monitor] Channel_1 Packet collected :
---------------------------------------------------
Name              Type            Size  Value      
---------------------------------------------------
packet_collected  channel_packet  -     @8223      
  length          integral        6     'h5        
  addr            integral        2     'h1        
  payload         da(integral)    5     -          
    [0]           integral        8     'h6        
    [1]           integral        8     'ha1       
    [2]           integral        8     'hcb       
    [3]           integral        8     'ha7       
    [4]           integral        8     'ha        
  parity          integral        8     'hd4       
  parity_type     parity_e        1     GOOD_PARITY
  packet_delay    integral        32    'd0        
  begin_time      time            64    3850       
  end_time        time            64    4550       
---------------------------------------------------

UVM_INFO ../../yapp/sv/yapp_if.sv(81) @ 5250: reporter [YAPP_IF] collect packets
UVM_INFO ../../yapp/sv/yapp_tx_monitor.sv(57) @ 6150: uvm_test_top.tb.yapp.tx_agent.monitor [yapp_tx_monitor] Packet Collected :
----------------------------------------------------
Name            Type               Size  Value      
----------------------------------------------------
pkt             short_yapp_packet  -     @8388      
  length        integral           6     'h8        
  addr          integral           2     'h2        
  payload       da(integral)       8     -          
    [0]         integral           8     'h5e       
    [1]         integral           8     'hb7       
    [2]         integral           8     'hfe       
    [3]         integral           8     'hc0       
    [4]         integral           8     'h4c       
    [5]         integral           8     'h39       
    [6]         integral           8     'h79       
    [7]         integral           8     'hdb       
  parity        integral           8     'h22       
  parity_type   parity_t           1     GOOD_PARITY
  packet_delay  integral           32    'd0        
  begin_time    time               64    5250       
  end_time      time               64    6150       
----------------------------------------------------

UVM_INFO ../../yapp/sv/yapp_tx_seqs.sv(42) @ 6200: uvm_test_top.tb.yapp.tx_agent.sequencer@@yapp_012_seq [yapp_012_seq] drop objection
UVM_INFO ../../channel/sv/channel_rx_monitor.sv(135) @ 6550: uvm_test_top.tb.chan2.rx_agent.monitor [channel_rx_monitor] Channel_2 Packet collected :
---------------------------------------------------
Name              Type            Size  Value      
---------------------------------------------------
packet_collected  channel_packet  -     @8249      
  length          integral        6     'h8        
  addr            integral        2     'h2        
  payload         da(integral)    8     -          
    [0]           integral        8     'h5e       
    [1]           integral        8     'hb7       
    [2]           integral        8     'hfe       
    [3]           integral        8     'hc0       
    [4]           integral        8     'h4c       
    [5]           integral        8     'h39       
    [6]           integral        8     'h79       
    [7]           integral        8     'hdb       
  parity          integral        8     'h22       
  parity_type     parity_e        1     GOOD_PARITY
  packet_delay    integral        32    'd0        
  begin_time      time            64    5550       
  end_time        time            64    6550       
---------------------------------------------------

UVM_INFO /home/eda/cadence/xcelium/XCELIUM1803/tools/methodology/UVM/CDNS-1.2/sv/src/base/uvm_objection.svh(1248) @ 8200: reporter [TEST_DONE] All end-of-test objections have been dropped. Calling stop tasks
UVM_INFO /home/eda/cadence/xcelium/XCELIUM1803/tools/methodology/UVM/CDNS-1.2/sv/src/base/uvm_objection.svh(1271) @ 8200: reporter [TEST_DONE] 'run' phase is ready to proceed to the 'extract' phase
UVM_INFO /home/eda/cadence/xcelium/XCELIUM1803/tools/methodology/UVM/CDNS-1.2/sv/src/seq/uvm_sequencer_base.svh(1527) @ 8200: uvm_test_top.tb.chan0.rx_agent.sequencer [PHASESEQ] Killing default sequence 'channel_rx_resp_seq' for phase 'run'
UVM_INFO /home/eda/cadence/xcelium/XCELIUM1803/tools/methodology/UVM/CDNS-1.2/sv/src/seq/uvm_sequencer_base.svh(1527) @ 8200: uvm_test_top.tb.chan1.rx_agent.sequencer [PHASESEQ] Killing default sequence 'channel_rx_resp_seq' for phase 'run'
UVM_INFO /home/eda/cadence/xcelium/XCELIUM1803/tools/methodology/UVM/CDNS-1.2/sv/src/seq/uvm_sequencer_base.svh(1527) @ 8200: uvm_test_top.tb.chan2.rx_agent.sequencer [PHASESEQ] Killing default sequence 'channel_rx_resp_seq' for phase 'run'
UVM_INFO /home/eda/cadence/xcelium/XCELIUM1803/tools/methodology/UVM/CDNS-1.2/sv/src/seq/uvm_sequencer_base.svh(1533) @ 8200: uvm_test_top.tb.clock_and_reset.agent.sequencer [PHASESEQ] No default sequence to kill for phase 'run'
UVM_INFO /home/eda/cadence/xcelium/XCELIUM1803/tools/methodology/UVM/CDNS-1.2/sv/src/seq/uvm_sequencer_base.svh(1533) @ 8200: uvm_test_top.tb.hbus.masters[0].sequencer [PHASESEQ] No default sequence to kill for phase 'run'
UVM_INFO /home/eda/cadence/xcelium/XCELIUM1803/tools/methodology/UVM/CDNS-1.2/sv/src/seq/uvm_sequencer_base.svh(1533) @ 8200: uvm_test_top.tb.yapp.tx_agent.sequencer [PHASESEQ] No default sequence to kill for phase 'run'
UVM_INFO /home/eda/cadence/xcelium/XCELIUM1803/tools/methodology/UVM/CDNS-1.2/sv/src/seq/uvm_sequencer_base.svh(1533) @ 8200: uvm_test_top.tb.chan0.rx_agent.sequencer [PHASESEQ] No default sequence to kill for phase 'post_shutdown'
UVM_INFO /home/eda/cadence/xcelium/XCELIUM1803/tools/methodology/UVM/CDNS-1.2/sv/src/seq/uvm_sequencer_base.svh(1533) @ 8200: uvm_test_top.tb.chan1.rx_agent.sequencer [PHASESEQ] No default sequence to kill for phase 'post_shutdown'
UVM_INFO /home/eda/cadence/xcelium/XCELIUM1803/tools/methodology/UVM/CDNS-1.2/sv/src/seq/uvm_sequencer_base.svh(1533) @ 8200: uvm_test_top.tb.chan2.rx_agent.sequencer [PHASESEQ] No default sequence to kill for phase 'post_shutdown'
UVM_INFO /home/eda/cadence/xcelium/XCELIUM1803/tools/methodology/UVM/CDNS-1.2/sv/src/seq/uvm_sequencer_base.svh(1533) @ 8200: uvm_test_top.tb.clock_and_reset.agent.sequencer [PHASESEQ] No default sequence to kill for phase 'post_shutdown'
UVM_INFO /home/eda/cadence/xcelium/XCELIUM1803/tools/methodology/UVM/CDNS-1.2/sv/src/seq/uvm_sequencer_base.svh(1533) @ 8200: uvm_test_top.tb.hbus.masters[0].sequencer [PHASESEQ] No default sequence to kill for phase 'post_shutdown'
UVM_INFO /home/eda/cadence/xcelium/XCELIUM1803/tools/methodology/UVM/CDNS-1.2/sv/src/seq/uvm_sequencer_base.svh(1533) @ 8200: uvm_test_top.tb.yapp.tx_agent.sequencer [PHASESEQ] No default sequence to kill for phase 'post_shutdown'
UVM_INFO ../../channel/sv/channel_rx_driver.sv(85) @ 8200: uvm_test_top.tb.chan0.rx_agent.driver [channel_rx_driver] Report: Channel_0 RX Driver Sent 1 Responses
UVM_INFO ../../channel/sv/channel_rx_monitor.sv(148) @ 8200: uvm_test_top.tb.chan0.rx_agent.monitor [channel_rx_monitor] Report: Channel_0 Monitor Collected 1 Packets
UVM_INFO ../../channel/sv/channel_rx_driver.sv(85) @ 8200: uvm_test_top.tb.chan1.rx_agent.driver [channel_rx_driver] Report: Channel_1 RX Driver Sent 1 Responses
UVM_INFO ../../channel/sv/channel_rx_monitor.sv(148) @ 8200: uvm_test_top.tb.chan1.rx_agent.monitor [channel_rx_monitor] Report: Channel_1 Monitor Collected 1 Packets
UVM_INFO ../../channel/sv/channel_rx_driver.sv(85) @ 8200: uvm_test_top.tb.chan2.rx_agent.driver [channel_rx_driver] Report: Channel_2 RX Driver Sent 1 Responses
UVM_INFO ../../channel/sv/channel_rx_monitor.sv(148) @ 8200: uvm_test_top.tb.chan2.rx_agent.monitor [channel_rx_monitor] Report: Channel_2 Monitor Collected 1 Packets
UVM_INFO ../../hbus/sv/hbus_monitor.sv(123) @ 8200: uvm_test_top.tb.hbus.monitor [hbus_monitor] Report: HBUS Monitor Collected 0 WRITE and 0 READ Transactions
UVM_INFO ../../yapp/sv/yapp_tx_driver.sv(82) @ 8200: uvm_test_top.tb.yapp.tx_agent.driver [yapp_tx_driver] Report: YAPP TX driver sent 3 packets
UVM_INFO ../../yapp/sv/yapp_tx_monitor.sv(65) @ 8200: uvm_test_top.tb.yapp.tx_agent.monitor [yapp_tx_monitor] Report: YAPP Monitor Collected 3 Packets
UVM_INFO /home/eda/cadence/xcelium/XCELIUM1803/tools/methodology/UVM/CDNS-1.2/sv/src/base/uvm_report_catcher.svh(705) @ 8200: reporter [UVM/REPORT/CATCHER] 
--- UVM Report catcher Summary ---


Number of demoted UVM_FATAL reports  :    0
Number of demoted UVM_ERROR reports  :    0
Number of demoted UVM_WARNING reports:    0
Number of caught UVM_FATAL reports   :    0
Number of caught UVM_ERROR reports   :    0
Number of caught UVM_WARNING reports :    0

UVM_INFO /home/eda/cadence/xcelium/XCELIUM1803/tools/methodology/UVM/CDNS-1.2/sv/src/base/uvm_report_server.svh(847) @ 8200: reporter [UVM/REPORT/SERVER] 
--- UVM Report Summary ---

** Report counts by severity
UVM_INFO :  214
UVM_WARNING :    1
UVM_ERROR :    0
UVM_FATAL :    0
** Report counts by id
[HBUS_IF]     1
[NOCOV]     3
[PHASESEQ]   156
[RNTST]     1
[TEST_DONE]     2
[UVM/CFG/GET/DPR]     1
[UVM/RELNOTES]     1
[UVM/REPORT/CATCHER]     1
[UVMTOP]     1
[YAPP_IF]     3
[channel_rx_driver]     6
[channel_rx_monitor]    12
[channel_rx_resp_seq]     3
[clk10_rst5_seq]     1
[clock_and_reset_sequence]     1
[hbus_master_driver]     1
[hbus_monitor]     3
[simple_test]     1
[yapp_012_seq]     3
[yapp_env]     1
[yapp_tx_agent]     1
[yapp_tx_driver]     6
[yapp_tx_monitor]     5
[yapp_tx_sequencer]     1

Simulation complete via $finish(1) at time 820 NS + 60
/home/eda/cadence/xcelium/XCELIUM1803/tools/methodology/UVM/CDNS-1.2/sv/src/base/uvm_root.svh:543     $finish;
xcelium> exit
TOOL:	xrun(64)	18.03-s001: Exiting on Mar 28, 2026 at 08:46:08 +07  (total: 00:00:05)
