xrun(64): 18.03-s001: (c) Copyright 1995-2018 Cadence Design Systems, Inc.
TOOL:	xrun(64)	18.03-s001: Started on Mar 15, 2026 at 16:25:12 +07
xrun
	-f run.f
		-64
		-uvmhome /home/eda/cadence/xcelium/XCELIUM1803/tools/methodology/UVM/CDNS-1.2/sv
		-incdir ../sv
		+UVM_VERBOSITY=UVM_LOW
		+UVM_TESTNAME=exhaustive_seq_test
		../sv/yapp_pkg.sv
		top.sv

   User defined plus("+") options:
	+UVM_VERBOSITY=UVM_LOW

Loading snapshot worklib.top:sv .................... Done
SVSEED default: 1
xmsim: *W,RNDNOXCEL: The legacy SystemVerilog constraint solver is used. Enabling the Xceligen constraint solver with "xrun/xmsim -xceligen on ..." is recommended.
xmsim: *W,DSEM2009: This SystemVerilog design is simulated as per IEEE 1800-2009 SystemVerilog simulation semantics. Use -disable_sem2009 option for turning off SV 2009 simulation semantics.
xcelium> source /home/eda/cadence/xcelium/XCELIUM1803/tools/xcelium/files/xmsimrc
xcelium> source /home/eda/cadence/xcelium/XCELIUM1803/tools/methodology/UVM/CDNS-1.2/sv/files/tcl/uvm_sim.tcl
xcelium> run
UVM_INFO /home/eda/cadence/xcelium/XCELIUM1803/tools/methodology/UVM/CDNS-1.2/sv/src/base/uvm_root.svh(412) @ 0: reporter [UVM/RELNOTES] 
----------------------------------------------------------------
CDNS-UVM-1.2 (18.03-s001)
(C) 2007-2014 Mentor Graphics Corporation
(C) 2007-2014 Cadence Design Systems, Inc.
(C) 2006-2014 Synopsys, Inc.
(C) 2011-2013 Cypress Semiconductor Corp.
(C) 2013-2014 NVIDIA Corporation
----------------------------------------------------------------

  ***********       IMPORTANT RELEASE NOTES         ************

  You are using a version of the UVM library that has been compiled
  with `UVM_NO_DEPRECATED undefined.
  See http://www.eda.org/svdb/view.php?id=3313 for more details.

  You are using a version of the UVM library that has been compiled
  with `UVM_OBJECT_DO_NOT_NEED_CONSTRUCTOR undefined.
  See http://www.eda.org/svdb/view.php?id=3770 for more details.

      (Specify +UVM_NO_RELNOTES to turn off this notice)

UVM_INFO @ 0: reporter [RNTST] Running test exhaustive_seq_test...
UVM_INFO /home/eda/cadence/xcelium/XCELIUM1803/tools/methodology/UVM/CDNS-1.2/sv/src/base/uvm_root.svh(605) @ 0: reporter [UVMTOP] UVM testbench topology:
-----------------------------------------------------------------------
Name                          Type                     Size  Value     
-----------------------------------------------------------------------
uvm_test_top                  exhaustive_seq_test      -     @1912     
  tb                          router_tb                -     @2007     
    yapp                      yapp_env                 -     @2042     
      tx_agent                yapp_tx_agent            -     @2075     
        driver                yapp_tx_driver           -     @2799     
          rsp_port            uvm_analysis_port        -     @2898     
            recording_detail  integral                 32    'd1       
          seq_item_port       uvm_seq_item_pull_port   -     @2848     
            recording_detail  integral                 32    'd1       
          recording_detail    integral                 32    'd1       
        monitor               yapp_tx_monitor          -     @2105     
          recording_detail    integral                 32    'd1       
        sequencer             yapp_tx_sequencer        -     @2142     
          rsp_export          uvm_analysis_export      -     @2203     
            recording_detail  integral                 32    'd1       
          seq_item_export     uvm_seq_item_pull_imp    -     @2765     
            recording_detail  integral                 32    'd1       
          recording_detail    integral                 32    'd1       
          arbitration_queue   array                    0     -         
          lock_queue          array                    0     -         
          num_last_reqs       integral                 32    'd1       
          num_last_rsps       integral                 32    'd1       
        is_active             uvm_active_passive_enum  1     UVM_ACTIVE
        recording_detail      integral                 32    'd1       
      recording_detail        integral                 32    'd1       
    recording_detail          integral                 32    'd1       
-----------------------------------------------------------------------

SDI/Verilog Transaction Recording Facility Version 18.03-s001
UVM_INFO ../sv/yapp_tx_seqs.sv(224) @ 0: uvm_test_top.tb.yapp.tx_agent.sequencer@@yapp_exhaustive_seq [yapp_exhaustive_seq] Executing YAPP_EXHAUSTIVE_SEQ
UVM_INFO ../sv/yapp_tx_seqs.sv(69) @ 0: uvm_test_top.tb.yapp.tx_agent.sequencer@@yapp_exhaustive_seq.y012 [yapp_012_seq] Executing YAPP_012_SEQ
UVM_INFO ../sv/yapp_tx_driver.sv(27) @ 0: uvm_test_top.tb.yapp.tx_agent.driver [yapp_tx_driver] Input Packet to Send:
------------------------------------------------------------------------------------------------------------------------
Name                           Type               Size  Value                                                           
------------------------------------------------------------------------------------------------------------------------
req                            short_yapp_packet  -     @3095                                                           
  length                       integral           6     'h7                                                             
  addr                         integral           2     'h0                                                             
  payload                      da(integral)       7     -                                                               
    [0]                        integral           8     'hdf                                                            
    [1]                        integral           8     'h62                                                            
    [2]                        integral           8     'ha5                                                            
    [3]                        integral           8     'h9b                                                            
    [4]                        integral           8     'hd4                                                            
    [5]                        integral           8     'h36                                                            
    [6]                        integral           8     'h9c                                                            
  parity                       integral           8     'he1                                                            
  parity_type                  parity_t           1     GOOD_PARITY                                                     
  packet_delay                 integral           32    'd9                                                             
  begin_time                   time               64    0                                                               
  depth                        int                32    'd3                                                             
  parent sequence (name)       string             4     y012                                                            
  parent sequence (full name)  string             64    uvm_test_top.tb.yapp.tx_agent.sequencer.yapp_exhaustive_seq.y012
  sequencer                    string             39    uvm_test_top.tb.yapp.tx_agent.sequencer                         
------------------------------------------------------------------------------------------------------------------------

UVM_INFO ../sv/yapp_tx_driver.sv(27) @ 10: uvm_test_top.tb.yapp.tx_agent.driver [yapp_tx_driver] Input Packet to Send:
------------------------------------------------------------------------------------------------------------------------
Name                           Type               Size  Value                                                           
------------------------------------------------------------------------------------------------------------------------
req                            short_yapp_packet  -     @3028                                                           
  length                       integral           6     'h7                                                             
  addr                         integral           2     'h1                                                             
  payload                      da(integral)       7     -                                                               
    [0]                        integral           8     'hbb                                                            
    [1]                        integral           8     'h35                                                            
    [2]                        integral           8     'hde                                                            
    [3]                        integral           8     'h53                                                            
    [4]                        integral           8     'h15                                                            
    [5]                        integral           8     'hd2                                                            
    [6]                        integral           8     'h78                                                            
  parity                       integral           8     'ha1                                                            
  parity_type                  parity_t           1     GOOD_PARITY                                                     
  packet_delay                 integral           32    'd0                                                             
  begin_time                   time               64    10                                                              
  depth                        int                32    'd3                                                             
  parent sequence (name)       string             4     y012                                                            
  parent sequence (full name)  string             64    uvm_test_top.tb.yapp.tx_agent.sequencer.yapp_exhaustive_seq.y012
  sequencer                    string             39    uvm_test_top.tb.yapp.tx_agent.sequencer                         
------------------------------------------------------------------------------------------------------------------------

    `uvm_do_with(req, {req.addr == 2'b10;})
                                          |
xmsim: *W,SVRNDF (../sv/yapp_tx_seqs.sv,72|42): The randomize method call failed. The unique id of the failed randomize call is 4.
Observed simulation time : 20 NS + 1
xmsim: *W,RNDOCS: These constraints contribute to the set of conflicting constraints:

  constraint not_addr_2 {addr != 'b10; } (../sv/yapp_packet.sv,59)
    `uvm_do_with(req, {req.addr == 2'b10;}) (../sv/yapp_tx_seqs.sv,72)
xmsim: *W,RNDOCS: These variables contribute to the set of conflicting constraints:

rand variables:
       addr [../sv/yapp_packet.sv, 6]

UVM_WARNING ../sv/yapp_tx_seqs.sv(72) @ 20: uvm_test_top.tb.yapp.tx_agent.sequencer@@yapp_exhaustive_seq.y012 [RNDFLD] Randomization failed in uvm_do_with action
UVM_INFO ../sv/yapp_tx_driver.sv(27) @ 20: uvm_test_top.tb.yapp.tx_agent.driver [yapp_tx_driver] Input Packet to Send:
------------------------------------------------------------------------------------------------------------------------
Name                           Type               Size  Value                                                           
------------------------------------------------------------------------------------------------------------------------
req                            short_yapp_packet  -     @3201                                                           
  length                       integral           6     'h0                                                             
  addr                         integral           2     'h0                                                             
  payload                      da(integral)       0     -                                                               
  parity                       integral           8     'h0                                                             
  parity_type                  parity_t           1     BAD_PARITY                                                      
  packet_delay                 integral           32    'd0                                                             
  begin_time                   time               64    20                                                              
  depth                        int                32    'd3                                                             
  parent sequence (name)       string             4     y012                                                            
  parent sequence (full name)  string             64    uvm_test_top.tb.yapp.tx_agent.sequencer.yapp_exhaustive_seq.y012
  sequencer                    string             39    uvm_test_top.tb.yapp.tx_agent.sequencer                         
------------------------------------------------------------------------------------------------------------------------

UVM_INFO ../sv/yapp_tx_seqs.sv(89) @ 30: uvm_test_top.tb.yapp.tx_agent.sequencer@@yapp_exhaustive_seq.y1 [yapp_1_seq] Executing YAPP_1_SEQ
UVM_INFO ../sv/yapp_tx_driver.sv(27) @ 30: uvm_test_top.tb.yapp.tx_agent.driver [yapp_tx_driver] Input Packet to Send:
----------------------------------------------------------------------------------------------------------------------
Name                           Type               Size  Value                                                         
----------------------------------------------------------------------------------------------------------------------
req                            short_yapp_packet  -     @3141                                                         
  length                       integral           6     'h1                                                           
  addr                         integral           2     'h1                                                           
  payload                      da(integral)       1     -                                                             
    [0]                        integral           8     'h37                                                          
  parity                       integral           8     'h32                                                          
  parity_type                  parity_t           1     GOOD_PARITY                                                   
  packet_delay                 integral           32    'd7                                                           
  begin_time                   time               64    30                                                            
  depth                        int                32    'd3                                                           
  parent sequence (name)       string             2     y1                                                            
  parent sequence (full name)  string             62    uvm_test_top.tb.yapp.tx_agent.sequencer.yapp_exhaustive_seq.y1
  sequencer                    string             39    uvm_test_top.tb.yapp.tx_agent.sequencer                       
----------------------------------------------------------------------------------------------------------------------

UVM_INFO ../sv/yapp_tx_seqs.sv(109) @ 40: uvm_test_top.tb.yapp.tx_agent.sequencer@@yapp_exhaustive_seq.y111 [yapp_111_seq] Executing YAPP_111_SEQ
UVM_INFO ../sv/yapp_tx_seqs.sv(89) @ 40: uvm_test_top.tb.yapp.tx_agent.sequencer@@yapp_exhaustive_seq.y111.addr_1_seq [yapp_1_seq] Executing YAPP_1_SEQ
UVM_INFO ../sv/yapp_tx_driver.sv(27) @ 40: uvm_test_top.tb.yapp.tx_agent.driver [yapp_tx_driver] Input Packet to Send:
-----------------------------------------------------------------------------------------------------------------------------------
Name                           Type               Size  Value                                                                      
-----------------------------------------------------------------------------------------------------------------------------------
req                            short_yapp_packet  -     @3238                                                                      
  length                       integral           6     'h8                                                                        
  addr                         integral           2     'h1                                                                        
  payload                      da(integral)       8     -                                                                          
    [0]                        integral           8     'h4a                                                                       
    [1]                        integral           8     'hc3                                                                       
    [2]                        integral           8     'h73                                                                       
    [3]                        integral           8     'h0                                                                        
    [4]                        integral           8     'hc0                                                                       
    [5]                        integral           8     'hdc                                                                       
    [6]                        integral           8     'h87                                                                       
    [7]                        integral           8     'hbd                                                                       
  parity                       integral           8     'hfd                                                                       
  parity_type                  parity_t           1     GOOD_PARITY                                                                
  packet_delay                 integral           32    'd13                                                                       
  begin_time                   time               64    40                                                                         
  depth                        int                32    'd4                                                                        
  parent sequence (name)       string             10    addr_1_seq                                                                 
  parent sequence (full name)  string             75    uvm_test_top.tb.yapp.tx_agent.sequencer.yapp_exhaustive_seq.y111.addr_1_seq
  sequencer                    string             39    uvm_test_top.tb.yapp.tx_agent.sequencer                                    
-----------------------------------------------------------------------------------------------------------------------------------

UVM_INFO ../sv/yapp_tx_seqs.sv(89) @ 50: uvm_test_top.tb.yapp.tx_agent.sequencer@@yapp_exhaustive_seq.y111.addr_1_seq [yapp_1_seq] Executing YAPP_1_SEQ
UVM_INFO ../sv/yapp_tx_driver.sv(27) @ 50: uvm_test_top.tb.yapp.tx_agent.driver [yapp_tx_driver] Input Packet to Send:
-----------------------------------------------------------------------------------------------------------------------------------
Name                           Type               Size  Value                                                                      
-----------------------------------------------------------------------------------------------------------------------------------
req                            short_yapp_packet  -     @3341                                                                      
  length                       integral           6     'ha                                                                        
  addr                         integral           2     'h1                                                                        
  payload                      da(integral)       10    -                                                                          
    [0]                        integral           8     'h26                                                                       
    [1]                        integral           8     'h96                                                                       
    [2]                        integral           8     'hab                                                                       
    [3]                        integral           8     'hb8                                                                       
    [4]                        integral           8     'h1                                                                        
    [5]                        integral           8     'h77                                                                       
    [6]                        integral           8     'h63                                                                       
    [7]                        integral           8     'hf9                                                                       
    [8]                        integral           8     'hd6                                                                       
    [9]                        integral           8     'hd3                                                                       
  parity                       integral           8     'h63                                                                       
  parity_type                  parity_t           1     GOOD_PARITY                                                                
  packet_delay                 integral           32    'd4                                                                        
  begin_time                   time               64    50                                                                         
  depth                        int                32    'd4                                                                        
  parent sequence (name)       string             10    addr_1_seq                                                                 
  parent sequence (full name)  string             75    uvm_test_top.tb.yapp.tx_agent.sequencer.yapp_exhaustive_seq.y111.addr_1_seq
  sequencer                    string             39    uvm_test_top.tb.yapp.tx_agent.sequencer                                    
-----------------------------------------------------------------------------------------------------------------------------------

UVM_INFO ../sv/yapp_tx_seqs.sv(89) @ 60: uvm_test_top.tb.yapp.tx_agent.sequencer@@yapp_exhaustive_seq.y111.addr_1_seq [yapp_1_seq] Executing YAPP_1_SEQ
UVM_INFO ../sv/yapp_tx_driver.sv(27) @ 60: uvm_test_top.tb.yapp.tx_agent.driver [yapp_tx_driver] Input Packet to Send:
-----------------------------------------------------------------------------------------------------------------------------------
Name                           Type               Size  Value                                                                      
-----------------------------------------------------------------------------------------------------------------------------------
req                            short_yapp_packet  -     @3380                                                                      
  length                       integral           6     'h7                                                                        
  addr                         integral           2     'h1                                                                        
  payload                      da(integral)       7     -                                                                          
    [0]                        integral           8     'h7f                                                                       
    [1]                        integral           8     'hac                                                                       
    [2]                        integral           8     'hde                                                                       
    [3]                        integral           8     'hd1                                                                       
    [4]                        integral           8     'h43                                                                       
    [5]                        integral           8     'hc3                                                                       
    [6]                        integral           8     'h55                                                                       
  parity                       integral           8     'h15                                                                       
  parity_type                  parity_t           1     BAD_PARITY                                                                 
  packet_delay                 integral           32    'd14                                                                       
  begin_time                   time               64    60                                                                         
  depth                        int                32    'd4                                                                        
  parent sequence (name)       string             10    addr_1_seq                                                                 
  parent sequence (full name)  string             75    uvm_test_top.tb.yapp.tx_agent.sequencer.yapp_exhaustive_seq.y111.addr_1_seq
  sequencer                    string             39    uvm_test_top.tb.yapp.tx_agent.sequencer                                    
-----------------------------------------------------------------------------------------------------------------------------------

UVM_INFO ../sv/yapp_tx_seqs.sv(131) @ 70: uvm_test_top.tb.yapp.tx_agent.sequencer@@yapp_exhaustive_seq.yaddr [yapp_repeat_addr_seq] Executing YAPP_REPEAT_ADDR_SEQ
      `uvm_do_with(req, {req.addr == seqaddr;})
                                              |
xmsim: *W,SVRNDF (../sv/yapp_tx_seqs.sv,133|46): The randomize method call failed. The unique id of the failed randomize call is 15.
Observed simulation time : 70 NS + 11
xmsim: *W,RNDOCS: These constraints contribute to the set of conflicting constraints:

  constraint not_addr_2 {addr != 'b10; } (../sv/yapp_packet.sv,59)
      `uvm_do_with(req, {req.addr == seqaddr;}) (../sv/yapp_tx_seqs.sv,133)
xmsim: *W,RNDOCS: These variables contribute to the set of conflicting constraints:

state variables:
       seqaddr (2) [../sv/yapp_tx_seqs.sv, 126]
rand variables:
       addr [../sv/yapp_packet.sv, 6]

UVM_WARNING ../sv/yapp_tx_seqs.sv(133) @ 70: uvm_test_top.tb.yapp.tx_agent.sequencer@@yapp_exhaustive_seq.yaddr [RNDFLD] Randomization failed in uvm_do_with action
UVM_INFO ../sv/yapp_tx_driver.sv(27) @ 70: uvm_test_top.tb.yapp.tx_agent.driver [yapp_tx_driver] Input Packet to Send:
-------------------------------------------------------------------------------------------------------------------------
Name                           Type               Size  Value                                                            
-------------------------------------------------------------------------------------------------------------------------
req                            short_yapp_packet  -     @3405                                                            
  length                       integral           6     'h0                                                              
  addr                         integral           2     'h0                                                              
  payload                      da(integral)       0     -                                                                
  parity                       integral           8     'h0                                                              
  parity_type                  parity_t           1     BAD_PARITY                                                       
  packet_delay                 integral           32    'd0                                                              
  begin_time                   time               64    70                                                               
  depth                        int                32    'd3                                                              
  parent sequence (name)       string             5     yaddr                                                            
  parent sequence (full name)  string             65    uvm_test_top.tb.yapp.tx_agent.sequencer.yapp_exhaustive_seq.yaddr
  sequencer                    string             39    uvm_test_top.tb.yapp.tx_agent.sequencer                          
-------------------------------------------------------------------------------------------------------------------------

      `uvm_do_with(req, {req.addr == seqaddr;})
                                              |
xmsim: *W,SVRNDF (../sv/yapp_tx_seqs.sv,133|46): The randomize method call failed. The unique id of the failed randomize call is 16.
Observed simulation time : 80 NS + 1
xmsim: *W,RNDOCS: These constraints contribute to the set of conflicting constraints:

  constraint not_addr_2 {addr != 'b10; } (../sv/yapp_packet.sv,59)
      `uvm_do_with(req, {req.addr == seqaddr;}) (../sv/yapp_tx_seqs.sv,133)
xmsim: *W,RNDOCS: These variables contribute to the set of conflicting constraints:

state variables:
       seqaddr (2) [../sv/yapp_tx_seqs.sv, 126]
rand variables:
       addr [../sv/yapp_packet.sv, 6]

UVM_WARNING ../sv/yapp_tx_seqs.sv(133) @ 80: uvm_test_top.tb.yapp.tx_agent.sequencer@@yapp_exhaustive_seq.yaddr [RNDFLD] Randomization failed in uvm_do_with action
UVM_INFO ../sv/yapp_tx_driver.sv(27) @ 80: uvm_test_top.tb.yapp.tx_agent.driver [yapp_tx_driver] Input Packet to Send:
-------------------------------------------------------------------------------------------------------------------------
Name                           Type               Size  Value                                                            
-------------------------------------------------------------------------------------------------------------------------
req                            short_yapp_packet  -     @3448                                                            
  length                       integral           6     'h0                                                              
  addr                         integral           2     'h0                                                              
  payload                      da(integral)       0     -                                                                
  parity                       integral           8     'h0                                                              
  parity_type                  parity_t           1     BAD_PARITY                                                       
  packet_delay                 integral           32    'd0                                                              
  begin_time                   time               64    80                                                               
  depth                        int                32    'd3                                                              
  parent sequence (name)       string             5     yaddr                                                            
  parent sequence (full name)  string             65    uvm_test_top.tb.yapp.tx_agent.sequencer.yapp_exhaustive_seq.yaddr
  sequencer                    string             39    uvm_test_top.tb.yapp.tx_agent.sequencer                          
-------------------------------------------------------------------------------------------------------------------------

UVM_INFO ../sv/yapp_tx_seqs.sv(151) @ 90: uvm_test_top.tb.yapp.tx_agent.sequencer@@yapp_exhaustive_seq.yinc [yapp_incr_payload_seq] Executing YAPP_INCR_PAYLOAD_SEQ
UVM_INFO ../sv/yapp_tx_driver.sv(27) @ 90: uvm_test_top.tb.yapp.tx_agent.driver [yapp_tx_driver] Input Packet to Send:
------------------------------------------------------------------------------------------------------------------------
Name                           Type               Size  Value                                                           
------------------------------------------------------------------------------------------------------------------------
req                            short_yapp_packet  -     @3126                                                           
  length                       integral           6     'hd                                                             
  addr                         integral           2     'h0                                                             
  payload                      da(integral)       13    -                                                               
    [0]                        integral           8     'h0                                                             
    [1]                        integral           8     'h1                                                             
    [2]                        integral           8     'h2                                                             
    [3]                        integral           8     'h3                                                             
    [4]                        integral           8     'h4                                                             
    ...                        ...                ...   ...                                                             
    [8]                        integral           8     'h8                                                             
    [9]                        integral           8     'h9                                                             
    [10]                       integral           8     'ha                                                             
    [11]                       integral           8     'hb                                                             
    [12]                       integral           8     'hc                                                             
  parity                       integral           8     'h38                                                            
  parity_type                  parity_t           1     GOOD_PARITY                                                     
  packet_delay                 integral           32    'd5                                                             
  begin_time                   time               64    90                                                              
  depth                        int                32    'd3                                                             
  parent sequence (name)       string             4     yinc                                                            
  parent sequence (full name)  string             64    uvm_test_top.tb.yapp.tx_agent.sequencer.yapp_exhaustive_seq.yinc
  sequencer                    string             39    uvm_test_top.tb.yapp.tx_agent.sequencer                         
------------------------------------------------------------------------------------------------------------------------

UVM_INFO /home/eda/cadence/xcelium/XCELIUM1803/tools/methodology/UVM/CDNS-1.2/sv/src/base/uvm_objection.svh(1271) @ 100: reporter [TEST_DONE] 'run' phase is ready to proceed to the 'extract' phase
UVM_INFO /home/eda/cadence/xcelium/XCELIUM1803/tools/methodology/UVM/CDNS-1.2/sv/src/base/uvm_report_catcher.svh(705) @ 100: reporter [UVM/REPORT/CATCHER] 
--- UVM Report catcher Summary ---


Number of demoted UVM_FATAL reports  :    0
Number of demoted UVM_ERROR reports  :    0
Number of demoted UVM_WARNING reports:    0
Number of caught UVM_FATAL reports   :    0
Number of caught UVM_ERROR reports   :    0
Number of caught UVM_WARNING reports :    0

UVM_INFO /home/eda/cadence/xcelium/XCELIUM1803/tools/methodology/UVM/CDNS-1.2/sv/src/base/uvm_report_server.svh(847) @ 100: reporter [UVM/REPORT/SERVER] 
--- UVM Report Summary ---

** Report counts by severity
UVM_INFO :   24
UVM_WARNING :    3
UVM_ERROR :    0
UVM_FATAL :    0
** Report counts by id
[RNDFLD]     3
[RNTST]     1
[TEST_DONE]     1
[UVM/RELNOTES]     1
[UVM/REPORT/CATCHER]     1
[UVMTOP]     1
[yapp_012_seq]     1
[yapp_111_seq]     1
[yapp_1_seq]     4
[yapp_exhaustive_seq]     1
[yapp_incr_payload_seq]     1
[yapp_repeat_addr_seq]     1
[yapp_tx_driver]    10

Simulation complete via $finish(1) at time 100 NS + 67
/home/eda/cadence/xcelium/XCELIUM1803/tools/methodology/UVM/CDNS-1.2/sv/src/base/uvm_root.svh:543     $finish;
xcelium> exit
TOOL:	xrun(64)	18.03-s001: Exiting on Mar 15, 2026 at 16:25:12 +07  (total: 00:00:00)
