xrun(64): 18.03-s001: (c) Copyright 1995-2018 Cadence Design Systems, Inc.
TOOL:	xrun(64)	18.03-s001: Started on Mar 15, 2026 at 16:23:06 +07
xrun
	-f run.f
		-64
		-uvmhome /home/eda/cadence/xcelium/XCELIUM1803/tools/methodology/UVM/CDNS-1.2/sv
		-incdir ../sv
		+UVM_VERBOSITY=UVM_LOW
		+UVM_TESTNAME=incr_payload_test
		+UVM_TESTNAME=exhaustive_seq_test
		../sv/yapp_pkg.sv
		top.sv

   User defined plus("+") options:
	+UVM_VERBOSITY=UVM_LOW

Compiling UVM packages (uvm_pkg.sv cdns_uvm_pkg.sv) using uvmhome location /home/eda/cadence/xcelium/XCELIUM1803/tools/methodology/UVM/CDNS-1.2/sv
file: ../sv/yapp_pkg.sv
package yapp_pkg;
               |
xmvlog: *W,TSNSPK (../sv/yapp_pkg.sv,3|15): `timescale is not specified for the package.  The default timescale of 1ns/1ns will be assumed for this package.
	package worklib.yapp_pkg:sv
		errors: 0, warnings: 1
file: top.sv
	module worklib.top:sv
		errors: 0, warnings: 0
		Caching library 'worklib' ....... Done
	Elaborating the design hierarchy:
	Top level design units:
		uvm_pkg
		cdns_uvmapi
		cdns_assert2uvm_pkg
		cdns_uvm_pkg
		yapp_pkg
		top
xmelab: *W,DSEMEL: This SystemVerilog design will be simulated as per IEEE 1800-2009 SystemVerilog simulation semantics. Use -disable_sem2009 option for turning off SV 2009 simulation semantics.
	Building instance overlay tables: .................... Done
	Generating native compiled code:
		worklib.uvm_pkg:sv <0x143b0bbc>
			streams:   8, words:  8330
		worklib.uvm_pkg:sv <0x28db9125>
			streams:   8, words:  7955
		worklib.uvm_pkg:sv <0x0c63889a>
			streams:   7, words:  7314
		worklib.uvm_pkg:sv <0x33b51d8b>
			streams:  29, words: 29401
		worklib.uvm_pkg:sv <0x786b1e6c>
			streams:   7, words:  1844
		worklib.uvm_pkg:sv <0x34ac1707>
			streams:  22, words: 59581
		worklib.uvm_pkg:sv <0x41b2076e>
			streams:   7, words:  1844
		worklib.uvm_pkg:sv <0x2e9f1ea0>
			streams:   7, words:  3091
		worklib.uvm_pkg:sv <0x19f05333>
			streams:  28, words: 32718
		worklib.uvm_pkg:sv <0x3f3c5c6c>
			streams:  27, words: 30959
		worklib.uvm_pkg:sv <0x29d0fde9>
			streams:  23, words: 29941
		worklib.uvm_pkg:sv <0x6e7626b2>
			streams:  17, words: 14988
		worklib.uvm_pkg:sv <0x6b7c03d9>
			streams:  26, words: 40066
		worklib.uvm_pkg:sv <0x2ddcc381>
			streams:   7, words:  2348
		worklib.uvm_pkg:sv <0x22713161>
			streams:  16, words: 19996
		worklib.uvm_pkg:sv <0x3b5876ef>
			streams:  26, words: 36637
		worklib.uvm_pkg:sv <0x40c99a8d>
			streams:  25, words: 64429
		worklib.uvm_pkg:sv <0x63f16f05>
			streams:  27, words: 40383
		worklib.uvm_pkg:sv <0x49589f59>
			streams:  26, words: 56723
		worklib.uvm_pkg:sv <0x6fc0c5eb>
			streams:  27, words: 43777
		worklib.uvm_pkg:sv <0x3d3ab345>
			streams:  25, words: 64476
		worklib.uvm_pkg:sv <0x24bb4a9a>
			streams:  27, words: 45989
		worklib.uvm_pkg:sv <0x52a8e2d1>
			streams:  25, words: 70093
		worklib.uvm_pkg:sv <0x21190e81>
			streams:  27, words: 51317
		worklib.uvm_pkg:sv <0x53e73d2d>
			streams:  25, words: 62381
		worklib.uvm_pkg:sv <0x09971e2f>
			streams:  25, words: 65325
		worklib.uvm_pkg:sv <0x32fc1335>
			streams:  27, words: 42577
		worklib.uvm_pkg:sv <0x6f1d9d9f>
			streams:  25, words: 61203
		worklib.uvm_pkg:sv <0x33f6f93c>
			streams:  29, words: 107106
		worklib.uvm_pkg:sv <0x22eaba0d>
			streams:  72, words: 150866
		worklib.cdns_uvm_pkg:sv <0x7148d009>
			streams:   9, words:  5027
		worklib.cdns_uvm_pkg:sv <0x6e528ddc>
			streams:  10, words:  9230
		worklib.uvm_pkg:sv <0x6169d1be>
			streams:  25, words: 34224
		worklib.uvm_pkg:sv <0x5405fba0>
			streams:  25, words: 34445
		worklib.uvm_pkg:sv <0x76acc287>
			streams:  22, words: 21747
		worklib.uvm_pkg:sv <0x001bfda1>
			streams:  23, words: 24669
		worklib.uvm_pkg:sv <0x28b47c23>
			streams:  23, words: 25034
		worklib.uvm_pkg:sv <0x54ca25fc>
			streams:  23, words: 24669
		worklib.uvm_pkg:sv <0x477c4e60>
			streams:  23, words: 24669
		worklib.uvm_pkg:sv <0x22e98df8>
			streams:  25, words: 58240
		worklib.uvm_pkg:sv <0x3957faf3>
			streams:  25, words: 46272
		worklib.uvm_pkg:sv <0x5ccb1782>
			streams:  25, words: 34076
		worklib.uvm_pkg:sv <0x4523f173>
			streams:  25, words: 34124
		worklib.uvm_pkg:sv <0x69388784>
			streams:  25, words: 34231
		worklib.uvm_pkg:sv <0x155a65a4>
			streams:  25, words: 33297
		worklib.uvm_pkg:sv <0x2872da39>
			streams:  25, words: 27152
		worklib.top:sv <0x7a8b170d>
			streams:  26, words: 28911
		worklib.uvm_pkg:sv <0x08d1c4a6>
			streams:   7, words:  3091
		worklib.uvm_pkg:sv <0x7edbb8c5>
			streams:  24, words: 27557
		worklib.uvm_pkg:sv <0x06e1da98>
			streams:  24, words: 25706
		worklib.uvm_pkg:sv <0x5cfc1201>
			streams:  26, words: 46877
		worklib.uvm_pkg:sv <0x62bc058b>
			streams:  18, words: 18857
		worklib.uvm_pkg:sv <0x09f8e1aa>
			streams:  24, words: 26088
		worklib.uvm_pkg:sv <0x5c8636ed>
			streams:   7, words:  3091
		worklib.uvm_pkg:sv <0x78625ce2>
			streams:  50, words: 50144
		worklib.uvm_pkg:sv <0x338e3ce3>
			streams:  25, words: 34160
		worklib.uvm_pkg:sv <0x59341c82>
			streams:  36, words: 46830
		worklib.uvm_pkg:sv <0x422f61f1>
			streams: 315, words: 440233
		worklib.uvm_pkg:sv <0x27b3607b>
			streams:  24, words: 26292
		worklib.yapp_pkg:sv <0x2d6cb0b2>
			streams:  36, words: 130658
		worklib.top:sv <0x43334ff2>
			streams:   1, words:   652
		worklib.yapp_pkg:sv <0x52db1c8b>
			streams:   0, words:     0
		worklib.cdns_uvm_pkg:sv <0x11bace17>
			streams: 232, words: 438757
		worklib.cdns_uvmapi:svp <0x7d1b05a1>
			streams:  27, words: 35853
		worklib.cdns_assert2uvm_pkg:sv <0x7d32207e>
			streams:   3, words:  2443
		worklib.uvm_pkg:sv <0x7bddc5c7>
			streams: 5569, words: 10593378
	Building instance specific data structures.
	Loading native compiled code:     .................... Done
	Design hierarchy summary:
		                       Instances  Unique
		Modules:                       1       1
		Verilog packages:              5       5
		Registers:                 16737   11952
		Named events:                  4      12
		Initial blocks:              372     180
		Parallel blocks:              27      28
		Assertions:                    3       3
		SV Class declarations:       248     364
		SV Class specializations:    469     469
	Writing initial simulation snapshot: worklib.top:sv
Loading snapshot worklib.top:sv .................... Done
SVSEED default: 1
xmsim: *W,RNDNOXCEL: The legacy SystemVerilog constraint solver is used. Enabling the Xceligen constraint solver with "xrun/xmsim -xceligen on ..." is recommended.
xmsim: *W,DSEM2009: This SystemVerilog design is simulated as per IEEE 1800-2009 SystemVerilog simulation semantics. Use -disable_sem2009 option for turning off SV 2009 simulation semantics.
xcelium> source /home/eda/cadence/xcelium/XCELIUM1803/tools/xcelium/files/xmsimrc
xcelium> source /home/eda/cadence/xcelium/XCELIUM1803/tools/methodology/UVM/CDNS-1.2/sv/files/tcl/uvm_sim.tcl
xcelium> run
UVM_INFO /home/eda/cadence/xcelium/XCELIUM1803/tools/methodology/UVM/CDNS-1.2/sv/src/base/uvm_root.svh(412) @ 0: reporter [UVM/RELNOTES] 
----------------------------------------------------------------
CDNS-UVM-1.2 (18.03-s001)
(C) 2007-2014 Mentor Graphics Corporation
(C) 2007-2014 Cadence Design Systems, Inc.
(C) 2006-2014 Synopsys, Inc.
(C) 2011-2013 Cypress Semiconductor Corp.
(C) 2013-2014 NVIDIA Corporation
----------------------------------------------------------------

  ***********       IMPORTANT RELEASE NOTES         ************

  You are using a version of the UVM library that has been compiled
  with `UVM_NO_DEPRECATED undefined.
  See http://www.eda.org/svdb/view.php?id=3313 for more details.

  You are using a version of the UVM library that has been compiled
  with `UVM_OBJECT_DO_NOT_NEED_CONSTRUCTOR undefined.
  See http://www.eda.org/svdb/view.php?id=3770 for more details.

      (Specify +UVM_NO_RELNOTES to turn off this notice)

UVM_WARNING @ 0: reporter [MULTTST] Multiple (2) +UVM_TESTNAME arguments provided on the command line.  'incr_payload_test' will be used.  Provided list: incr_payload_test, exhaustive_seq_test.
UVM_INFO @ 0: reporter [RNTST] Running test incr_payload_test...
UVM_INFO /home/eda/cadence/xcelium/XCELIUM1803/tools/methodology/UVM/CDNS-1.2/sv/src/base/uvm_root.svh(605) @ 0: reporter [UVMTOP] UVM testbench topology:
-----------------------------------------------------------------------
Name                          Type                     Size  Value     
-----------------------------------------------------------------------
uvm_test_top                  incr_payload_test        -     @1170     
  tb                          router_tb                -     @2012     
    yapp                      yapp_env                 -     @2047     
      tx_agent                yapp_tx_agent            -     @2080     
        driver                yapp_tx_driver           -     @2804     
          rsp_port            uvm_analysis_port        -     @2903     
            recording_detail  integral                 32    'd1       
          seq_item_port       uvm_seq_item_pull_port   -     @2853     
            recording_detail  integral                 32    'd1       
          recording_detail    integral                 32    'd1       
        monitor               yapp_tx_monitor          -     @2110     
          recording_detail    integral                 32    'd1       
        sequencer             yapp_tx_sequencer        -     @2147     
          rsp_export          uvm_analysis_export      -     @2208     
            recording_detail  integral                 32    'd1       
          seq_item_export     uvm_seq_item_pull_imp    -     @2770     
            recording_detail  integral                 32    'd1       
          recording_detail    integral                 32    'd1       
          arbitration_queue   array                    0     -         
          lock_queue          array                    0     -         
          num_last_reqs       integral                 32    'd1       
          num_last_rsps       integral                 32    'd1       
        is_active             uvm_active_passive_enum  1     UVM_ACTIVE
        recording_detail      integral                 32    'd1       
      recording_detail        integral                 32    'd1       
    recording_detail          integral                 32    'd1       
-----------------------------------------------------------------------

SDI/Verilog Transaction Recording Facility Version 18.03-s001
UVM_INFO ../sv/yapp_tx_seqs.sv(151) @ 0: uvm_test_top.tb.yapp.tx_agent.sequencer@@yapp_incr_payload_seq [yapp_incr_payload_seq] Executing YAPP_INCR_PAYLOAD_SEQ
UVM_INFO ../sv/yapp_tx_driver.sv(27) @ 0: uvm_test_top.tb.yapp.tx_agent.driver [yapp_tx_driver] Input Packet to Send:
---------------------------------------------------------------------------------------------------------------------
Name                           Type               Size  Value                                                        
---------------------------------------------------------------------------------------------------------------------
req                            short_yapp_packet  -     @3069                                                        
  length                       integral           6     'he                                                          
  addr                         integral           2     'h0                                                          
  payload                      da(integral)       14    -                                                            
    [0]                        integral           8     'h0                                                          
    [1]                        integral           8     'h1                                                          
    [2]                        integral           8     'h2                                                          
    [3]                        integral           8     'h3                                                          
    [4]                        integral           8     'h4                                                          
    ...                        ...                ...   ...                                                          
    [9]                        integral           8     'h9                                                          
    [10]                       integral           8     'ha                                                          
    [11]                       integral           8     'hb                                                          
    [12]                       integral           8     'hc                                                          
    [13]                       integral           8     'hd                                                          
  parity                       integral           8     'h3a                                                         
  parity_type                  parity_t           1     BAD_PARITY                                                   
  packet_delay                 integral           32    'd16                                                         
  begin_time                   time               64    0                                                            
  depth                        int                32    'd2                                                          
  parent sequence (name)       string             21    yapp_incr_payload_seq                                        
  parent sequence (full name)  string             61    uvm_test_top.tb.yapp.tx_agent.sequencer.yapp_incr_payload_seq
  sequencer                    string             39    uvm_test_top.tb.yapp.tx_agent.sequencer                      
---------------------------------------------------------------------------------------------------------------------

UVM_INFO /home/eda/cadence/xcelium/XCELIUM1803/tools/methodology/UVM/CDNS-1.2/sv/src/base/uvm_objection.svh(1271) @ 10: reporter [TEST_DONE] 'run' phase is ready to proceed to the 'extract' phase
UVM_INFO /home/eda/cadence/xcelium/XCELIUM1803/tools/methodology/UVM/CDNS-1.2/sv/src/base/uvm_report_catcher.svh(705) @ 10: reporter [UVM/REPORT/CATCHER] 
--- UVM Report catcher Summary ---


Number of demoted UVM_FATAL reports  :    0
Number of demoted UVM_ERROR reports  :    0
Number of demoted UVM_WARNING reports:    0
Number of caught UVM_FATAL reports   :    0
Number of caught UVM_ERROR reports   :    0
Number of caught UVM_WARNING reports :    0

UVM_INFO /home/eda/cadence/xcelium/XCELIUM1803/tools/methodology/UVM/CDNS-1.2/sv/src/base/uvm_report_server.svh(847) @ 10: reporter [UVM/REPORT/SERVER] 
--- UVM Report Summary ---

** Report counts by severity
UVM_INFO :    7
UVM_WARNING :    1
UVM_ERROR :    0
UVM_FATAL :    0
** Report counts by id
[MULTTST]     1
[RNTST]     1
[TEST_DONE]     1
[UVM/RELNOTES]     1
[UVM/REPORT/CATCHER]     1
[UVMTOP]     1
[yapp_incr_payload_seq]     1
[yapp_tx_driver]     1

Simulation complete via $finish(1) at time 10 NS + 63
/home/eda/cadence/xcelium/XCELIUM1803/tools/methodology/UVM/CDNS-1.2/sv/src/base/uvm_root.svh:543     $finish;
xcelium> exit
TOOL:	xrun(64)	18.03-s001: Exiting on Mar 15, 2026 at 16:23:11 +07  (total: 00:00:05)
